Archive member included because of file (symbol)

contiki-cc2538dk.a(DHT11-arch.o)
                              dht11.co (DHT11_Inint)
contiki-cc2538dk.a(oled.o)    dht11.co (OLED_Display_On1)
contiki-cc2538dk.a(leds.o)    dht11.co (leds_off)
contiki-cc2538dk.a(leds-arch.o)
                              contiki-cc2538dk.a(leds.o) (leds_arch_init)
contiki-cc2538dk.a(contiki-main.o)
                              obj_cc2538dk/startup-gcc.o (main)
contiki-cc2538dk.a(sensors.o)
                              contiki-cc2538dk.a(contiki-main.o) (sensors_process)
contiki-cc2538dk.a(smartrf-sensors)
                              contiki-cc2538dk.a(sensors.o) (sensors)
contiki-cc2538dk.a(button-sensor.o)
                              contiki-cc2538dk.a(contiki-main.o) (button_sensor_init)
contiki-cc2538dk.a(als-sensor.o)
                              contiki-cc2538dk.a(smartrf-sensors) (als_sensor)
contiki-cc2538dk.a(clock.o)   contiki-cc2538dk.a(contiki-main.o) (clock_init)
contiki-cc2538dk.a(rtimer-arch.o)
                              contiki-cc2538dk.a(clock.o) (rtimer_arch_now)
contiki-cc2538dk.a(uart.o)    contiki-cc2538dk.a(contiki-main.o) (uart_set_input)
contiki-cc2538dk.a(watchdog.o)
                              contiki-cc2538dk.a(contiki-main.o) (watchdog_init)
contiki-cc2538dk.a(nvic.o)    contiki-cc2538dk.a(contiki-main.o) (nvic_init)
contiki-cc2538dk.a(cpu.o)     contiki-cc2538dk.a(contiki-main.o) (cpu_cpsie)
contiki-cc2538dk.a(sys-ctrl.o)
                              contiki-cc2538dk.a(contiki-main.o) (sys_ctrl_init)
contiki-cc2538dk.a(gpio.o)    contiki-cc2538dk.a(button-sensor.o) (gpio_register_callback)
contiki-cc2538dk.a(ioc.o)     contiki-cc2538dk.a(contiki-main.o) (ioc_init)
contiki-cc2538dk.a(adc.o)     contiki-cc2538dk.a(contiki-main.o) (adc_init)
contiki-cc2538dk.a(crypto.o)  obj_cc2538dk/startup-gcc.o (crypto_isr)
contiki-cc2538dk.a(cc2538-rf.o)
                              obj_cc2538dk/startup-gcc.o (cc2538_rf_err_isr)
contiki-cc2538dk.a(udma.o)    contiki-cc2538dk.a(cc2538-rf.o) (udma_set_channel_src)
contiki-cc2538dk.a(lpm.o)     contiki-cc2538dk.a(uart.o) (lpm_register_peripheral)
contiki-cc2538dk.a(dbg.o)     dht11.co (puts)
contiki-cc2538dk.a(ieee-addr.o)
                              contiki-cc2538dk.a(contiki-main.o) (ieee_addr_cpy_to)
contiki-cc2538dk.a(cc2538-temp-sen)
                              contiki-cc2538dk.a(smartrf-sensors) (cc2538_temp_sensor)
contiki-cc2538dk.a(vdd3-sensor.o)
                              contiki-cc2538dk.a(smartrf-sensors) (vdd3_sensor)
contiki-cc2538dk.a(dbg-printf.o)
                              dht11.co (printf)
contiki-cc2538dk.a(strformat.o)
                              contiki-cc2538dk.a(dbg-printf.o) (format_str_v)
contiki-cc2538dk.a(autostart.o)
                              contiki-cc2538dk.a(contiki-main.o) (autostart_start)
contiki-cc2538dk.a(ctimer.o)  contiki-cc2538dk.a(contiki-main.o) (ctimer_init)
contiki-cc2538dk.a(energest.o)
                              contiki-cc2538dk.a(contiki-main.o) (energest_init)
contiki-cc2538dk.a(etimer.o)  dht11.co (etimer_expired)
contiki-cc2538dk.a(process.o)
                              contiki-cc2538dk.a(sensors.o) (process_alloc_event)
contiki-cc2538dk.a(rtimer.o)  contiki-cc2538dk.a(rtimer-arch.o) (rtimer_run_next)
contiki-cc2538dk.a(timer.o)   contiki-cc2538dk.a(etimer.o) (timer_reset)
contiki-cc2538dk.a(serial-line.o)
                              contiki-cc2538dk.a(contiki-main.o) (serial_line_init)
contiki-cc2538dk.a(list.o)    contiki-cc2538dk.a(ctimer.o) (list_init)
contiki-cc2538dk.a(random.o)  contiki-cc2538dk.a(contiki-main.o) (random_init)
contiki-cc2538dk.a(ringbuf.o)
                              contiki-cc2538dk.a(serial-line.o) (ringbuf_init)
contiki-cc2538dk.a(sicslowpan.o)
                              contiki-cc2538dk.a(contiki-main.o) (sicslowpan_driver)
contiki-cc2538dk.a(uip6.o)    contiki-cc2538dk.a(sicslowpan.o) (uip_aligned_buf)
contiki-cc2538dk.a(uip-ds6.o)
                              contiki-cc2538dk.a(uip6.o) (uip_ds6_if)
contiki-cc2538dk.a(uip-ds6-nbr.o)
                              contiki-cc2538dk.a(sicslowpan.o) (uip_ds6_link_neighbor_callback)
contiki-cc2538dk.a(uip-ds6-route.o)
                              contiki-cc2538dk.a(uip-ds6-nbr.o) (uip_ds6_defrt_lookup)
contiki-cc2538dk.a(uip-icmp6.o)
                              contiki-cc2538dk.a(uip6.o) (uip_icmp6_input)
contiki-cc2538dk.a(uip-nd6.o)
                              contiki-cc2538dk.a(uip6.o) (uip_nd6_init)
contiki-cc2538dk.a(ip64-addr.o)
                              dht11.co (ip64_addr_4to6)
contiki-cc2538dk.a(tcpip.o)   contiki-cc2538dk.a(sicslowpan.o) (tcpip_set_outputfunc)
contiki-cc2538dk.a(udp-socket.o)
                              dht11.co (udp_socket_bind)
contiki-cc2538dk.a(uip-debug.o)
                              contiki-cc2538dk.a(uip-ds6-route.o) (uip_debug_ipaddr_print)
contiki-cc2538dk.a(uip-udp-packet.)
[...]
Memory Configuration

Name             Origin             Length             Attributes
FLASH            0x00200000         0x0007ffd4         xr
FLASH_CCA        0x0027ffd4         0x0000002c         xr
SRAM             0x20000000         0x00008000         xrw
*default*        0x00000000         0xffffffff

Linker script and memory map

LOAD obj_cc2538dk/startup-gcc.o
LOAD dht11.co
LOAD contiki-cc2538dk.a
START GROUP
LOAD /home/user/CodeSourcery/Sourcery_G++_Lite/bin/../lib/gcc/arm-none-eabi/4.3.2/thumb2/libgcc.a
LOAD /home/user/CodeSourcery/Sourcery_G++_Lite/bin/../lib/gcc/arm-none-eabi/4.3.2/../../../../arm-none-eabi/lib/thumb2/libc.a
END GROUP

.text           0x00200000     0xbe60
                0x00200000                _text = .
 *(SORT(.vectors))
 .vectors       0x00200000      0x28c obj_cc2538dk/startup-gcc.o
                0x00200000                vectors
 *(SORT(.text*))
 .text.default_handler
                0x0020028c        0x4 obj_cc2538dk/startup-gcc.o
                0x0020028c                default_handler
                0x0020028c                usb_isr
 .text.reset_handler
                0x00200290       0x40 obj_cc2538dk/startup-gcc.o
                0x00200290                reset_handler
 .text.nmi_handler
                0x002002d0        0x8 obj_cc2538dk/startup-gcc.o
                0x002002d0                nmi_handler
 .text.receiver
                0x002002d8       0x20 dht11.co
 .text.process_thread_unicast_example_process
                0x002002f8      0x1bc dht11.co
 .text.route_callback
                0x002004b4       0x18 dht11.co
 .text.gpio_set1
                0x002004cc        0x8 contiki-cc2538dk.a(DHT11-arch.o)
 .text.gpio_get1
                0x002004d4        0x8 contiki-cc2538dk.a(DHT11-arch.o)
 .text.Delay_us_dht11
                0x002004dc        0x8 contiki-cc2538dk.a(DHT11-arch.o)
 .text.Start_DHT11
                0x002004e4       0x94 contiki-cc2538dk.a(DHT11-arch.o)
                0x002004e4                Start_DHT11
 .text.Delay_ms_dht11
                0x00200578       0x20 contiki-cc2538dk.a(DHT11-arch.o)
                0x00200578                Delay_ms_dht11
 .text.DHT11_Inint
                0x00200598      0x1cc contiki-cc2538dk.a(DHT11-arch.o)
                0x00200598                DHT11_Inint
 .text.gpio_set1
                0x00200764        0x8 contiki-cc2538dk.a(oled.o)
 .text.gpio_reset1
                0x0020076c        0x8 contiki-cc2538dk.a(oled.o)
 .text.OLED_WrDat1
                0x00200774       0x64 contiki-cc2538dk.a(oled.o)
                0x00200774                OLED_WrDat1
 .text.OLED_WrCmd1
                0x002007d8       0x64 contiki-cc2538dk.a(oled.o)
                0x002007d8                OLED_WrCmd1
 .text.OLED_Setpos1
                0x0020083c       0x24 contiki-cc2538dk.a(oled.o)
                0x0020083c                OLED_Setpos1
 .text.OLED_Fill1
                0x00200860       0x34 contiki-cc2538dk.a(oled.o)
                0x00200860                OLED_Fill1
 .text.OLED_Display_On1
                0x00200894       0x18 contiki-cc2538dk.a(oled.o)
                0x00200894                OLED_Display_On1
 .text.OLED_Display_Off1
                0x002008ac       0x18 contiki-cc2538dk.a(oled.o)
                0x002008ac                OLED_Display_Off1
 .text.OLED_P8x16Str
                0x002008c4       0x88 contiki-cc2538dk.a(oled.o)
                0x002008c4                OLED_P8x16Str
 .text.OLED_Init1
                0x0020094c       0xe0 contiki-cc2538dk.a(oled.o)
                0x0020094c                OLED_Init1
 .text.show_leds
                0x00200a2c       0x10 contiki-cc2538dk.a(leds.o)
 .text.leds_off
                0x00200a3c       0x14 contiki-cc2538dk.a(leds.o)
                0x00200a3c                leds_off
 .text.leds_on  0x00200a50       0x14 contiki-cc2538dk.a(leds.o)
                0x00200a50                leds_on
 .text.leds_init
                0x00200a64       0x14 contiki-cc2538dk.a(leds.o)
                0x00200a64                leds_init
 .text.leds_arch_init
                0x00200a78       0x10 contiki-cc2538dk.a(leds-arch.o)
                0x00200a78                leds_arch_init
 .text.leds_arch_set
                0x00200a88        0xc contiki-cc2538dk.a(leds-arch.o)
                0x00200a88                leds_arch_set
 .text.fade     0x00200a94       0x54 contiki-cc2538dk.a(contiki-main.o)
 .text.main     0x00200ae8      0x1d4 contiki-cc2538dk.a(contiki-main.o)
                0x00200ae8                main
 .text.get_sensor_index
                0x00200cbc       0x24 contiki-cc2538dk.a(sensors.o)
 .text.process_thread_sensors_process
                0x00200ce0       0xdc contiki-cc2538dk.a(sensors.o)
 .text.sensors_changed
                0x00200dbc       0x24 contiki-cc2538dk.a(sensors.o)
                0x00200dbc                sensors_changed
 .text.config   0x00200de0       0x40 contiki-cc2538dk.a(button-sensor.o)
 .text.config_down
                0x00200e20       0x30 contiki-cc2538dk.a(button-sensor.o)
 .text.config_up
                0x00200e50       0x30 contiki-cc2538dk.a(button-sensor.o)
 .text.config_right
                0x00200e80       0x30 contiki-cc2538dk.a(button-sensor.o)
 .text.config_left
                0x00200eb0       0x30 contiki-cc2538dk.a(button-sensor.o)
 .text.config_select
                0x00200ee0       0x30 contiki-cc2538dk.a(button-sensor.o)
 .text.button_sensor_init
                0x00200f10       0x10 contiki-cc2538dk.a(button-sensor.o)
                0x00200f10                button_sensor_init
 .text.btn_callback
                0x00200f20       0x60 contiki-cc2538dk.a(button-sensor.o)
 .text.status   0x00200f80        0x4 contiki-cc2538dk.a(als-sensor.o)
 .text.configure
                0x00200f84       0x54 contiki-cc2538dk.a(als-sensor.o)
 .text.value    0x00200fd8       0x28 contiki-cc2538dk.a(als-sensor.o)
 .text.clock_init
                0x00201000       0x50 contiki-cc2538dk.a(clock.o)
                0x00201000                clock_init
 .text.clock_time
                0x00201050       0x14 contiki-cc2538dk.a(clock.o)
                0x00201050                clock_time
 .text.clock_seconds
                0x00201064       0x14 contiki-cc2538dk.a(clock.o)
                0x00201064                clock_seconds
 .text.clock_delay_usec
                0x00201078       0x24 contiki-cc2538dk.a(clock.o)
                0x00201078                clock_delay_usec
 .text.update_ticks
                0x0020109c       0x4c contiki-cc2538dk.a(clock.o)
 .text.clock_isr
                0x002010e8        0x8 contiki-cc2538dk.a(clock.o)
                0x002010e8                clock_isr
 .text.clock_adjust
                0x002010f0       0x20 contiki-cc2538dk.a(clock.o)
                0x002010f0                clock_adjust
 .text.rtimer_arch_init
                0x00201110        0x4 contiki-cc2538dk.a(rtimer-arch.o)
                0x00201110                rtimer_arch_init
 .text.rtimer_arch_next_trigger
                0x00201114        0xc contiki-cc2538dk.a(rtimer-arch.o)
                0x00201114                rtimer_arch_next_trigger
 .text.rtimer_arch_now
                0x00201120       0x24 contiki-cc2538dk.a(rtimer-arch.o)
                0x00201120                rtimer_arch_now
 .text.rtimer_isr
                0x00201144       0x24 contiki-cc2538dk.a(rtimer-arch.o)
                0x00201144                rtimer_isr
 .text.rtimer_arch_schedule
                0x00201168       0x58 contiki-cc2538dk.a(rtimer-arch.o)
                0x00201168                rtimer_arch_schedule
 .text.permit_pm1
                0x002011c0       0x30 contiki-cc2538dk.a(uart.o)
 .text.uart_set_input
                0x002011f0       0x10 contiki-cc2538dk.a(uart.o)
                0x002011f0                uart_set_input
 .text.uart_write_byte
                0x00201200       0x20 contiki-cc2538dk.a(uart.o)
                0x00201200                uart_write_byte
 .text.uart_isr
                0x00201220       0x64 contiki-cc2538dk.a(uart.o)
 .text.uart0_isr
                0x00201284        0xc contiki-cc2538dk.a(uart.o)
                0x00201284                uart0_isr
 .text.uart1_isr
                0x00201290        0xc contiki-cc2538dk.a(uart.o)
                0x00201290                uart1_isr
 .text.uart_init
                0x0020129c      0x194 contiki-cc2538dk.a(uart.o)
                0x0020129c                uart_init
 .text.watchdog_init
                0x00201430        0xc contiki-cc2538dk.a(watchdog.o)
                0x00201430                watchdog_init
 .text.watchdog_start
                0x0020143c        0xc contiki-cc2538dk.a(watchdog.o)
                0x0020143c                watchdog_start
 .text.watchdog_periodic
                0x00201448       0x10 contiki-cc2538dk.a(watchdog.o)
                0x00201448                watchdog_periodic
 .text.nvic_init
                0x00201458       0x3c contiki-cc2538dk.a(nvic.o)
                0x00201458                nvic_init
 .text.nvic_interrupt_enable
                0x00201494       0x18 contiki-cc2538dk.a(nvic.o)
                0x00201494                nvic_interrupt_enable
 .text.nvic_interrupt_disable
                0x002014ac       0x18 contiki-cc2538dk.a(nvic.o)
                0x002014ac                nvic_interrupt_disable
 .text.nvic_interrupt_unpend
                0x002014c4       0x18 contiki-cc2538dk.a(nvic.o)
                0x002014c4                nvic_interrupt_unpend
 .text.cpu_cpsie
                0x002014dc        0x8 contiki-cc2538dk.a(cpu.o)
                0x002014dc                cpu_cpsie
 .text.cpu_cpsid
                0x002014e4        0x8 contiki-cc2538dk.a(cpu.o)
                0x002014e4                cpu_cpsid
 .text.sys_ctrl_init
                0x002014ec       0x28 contiki-cc2538dk.a(sys-ctrl.o)
                0x002014ec                sys_ctrl_init
 .text.gpio_register_callback
                0x00201514       0x10 contiki-cc2538dk.a(gpio.o)
                0x00201514                gpio_register_callback
 .text.notify   0x00201524       0x34 contiki-cc2538dk.a(gpio.o)
                0x00201524                notify
 .text.gpio_init
                0x00201558       0x14 contiki-cc2538dk.a(gpio.o)
                0x00201558                gpio_init
 .text.gpio_port_isr
                0x0020156c       0x4c contiki-cc2538dk.a(gpio.o)
 .text.gpio_port_d_isr
                0x002015b8        0xc contiki-cc2538dk.a(gpio.o)
                0x002015b8                gpio_port_d_isr
 .text.gpio_port_c_isr
                0x002015c4        0xc contiki-cc2538dk.a(gpio.o)
                0x002015c4                gpio_port_c_isr
 .text.gpio_port_b_isr
                0x002015d0        0xc contiki-cc2538dk.a(gpio.o)
                0x002015d0                gpio_port_b_isr
 .text.gpio_port_a_isr
                0x002015dc        0xc contiki-cc2538dk.a(gpio.o)
                0x002015dc                gpio_port_a_isr
 .text.ioc_init
                0x002015e8       0x1c contiki-cc2538dk.a(ioc.o)
                0x002015e8                ioc_init
 .text.ioc_set_over
                0x00201604       0x14 contiki-cc2538dk.a(ioc.o)
                0x00201604                ioc_set_over
 .text.ioc_set_sel
                0x00201618       0x14 contiki-cc2538dk.a(ioc.o)
                0x00201618                ioc_set_sel
 .text.adc_init
                0x0020162c       0x10 contiki-cc2538dk.a(adc.o)
                0x0020162c                adc_init
 .text.adc_get  0x0020163c       0x74 contiki-cc2538dk.a(adc.o)
                0x0020163c                adc_get
 .text.crypto_isr
                0x002016b0       0x24 contiki-cc2538dk.a(crypto.o)
                0x002016b0                crypto_isr
 .text.set_frame_filtering
                0x002016d4       0x1c contiki-cc2538dk.a(cc2538-rf.o)
 .text.on       0x002016f0       0x2c contiki-cc2538dk.a(cc2538-rf.o)
 .text.off      0x0020171c       0x3c contiki-cc2538dk.a(cc2538-rf.o)
 .text.set_channel
                0x00201758       0x4c contiki-cc2538dk.a(cc2538-rf.o)
 .text.channel_clear
                0x002017a4       0x3c contiki-cc2538dk.a(cc2538-rf.o)
 .text.receiving_packet
                0x002017e0       0x18 contiki-cc2538dk.a(cc2538-rf.o)
 .text.pending_packet
                0x002017f8       0x10 contiki-cc2538dk.a(cc2538-rf.o)
 .text.get_value
                0x00201808      0x114 contiki-cc2538dk.a(cc2538-rf.o)
 .text.set_value
                0x0020191c       0xe4 contiki-cc2538dk.a(cc2538-rf.o)
 .text.get_object
                0x00201a00       0x2c contiki-cc2538dk.a(cc2538-rf.o)
 .text.set_object
                0x00201a2c       0x28 contiki-cc2538dk.a(cc2538-rf.o)
 .text.read     0x00201a54       0xdc contiki-cc2538dk.a(cc2538-rf.o)
 .text.cc2538_rf_err_isr
                0x00201b30       0x30 contiki-cc2538dk.a(cc2538-rf.o)
                0x00201b30                cc2538_rf_err_isr
 .text.cc2538_rf_rx_tx_isr
                0x00201b60       0x18 contiki-cc2538dk.a(cc2538-rf.o)
                0x00201b60                cc2538_rf_rx_tx_isr
 .text.transmit
                0x00201b78       0x9c contiki-cc2538dk.a(cc2538-rf.o)
 .text.prepare  0x00201c14       0x68 contiki-cc2538dk.a(cc2538-rf.o)
 .text.send     0x00201c7c       0x10 contiki-cc2538dk.a(cc2538-rf.o)
 .text.init     0x00201c8c       0xd8 contiki-cc2538dk.a(cc2538-rf.o)
 .text.process_thread_cc2538_rf_process
                0x00201d64       0x7c contiki-cc2538dk.a(cc2538-rf.o)
 .text.udma_set_channel_src
                0x00201de0       0x10 contiki-cc2538dk.a(udma.o)
                0x00201de0                udma_set_channel_src
 .text.udma_set_channel_dst
                0x00201df0       0x14 contiki-cc2538dk.a(udma.o)
                0x00201df0                udma_set_channel_dst
 .text.udma_set_channel_control_word
                0x00201e04       0x14 contiki-cc2538dk.a(udma.o)
                0x00201e04                udma_set_channel_control_word
 .text.udma_channel_enable
                0x00201e18       0x18 contiki-cc2538dk.a(udma.o)
                0x00201e18                udma_channel_enable
 .text.udma_channel_mask_set
                0x00201e30       0x18 contiki-cc2538dk.a(udma.o)
                0x00201e30                udma_channel_mask_set
 .text.udma_channel_sw_request
                0x00201e48       0x18 contiki-cc2538dk.a(udma.o)
                0x00201e48                udma_channel_sw_request
 .text.udma_channel_get_mode
                0x00201e60       0x1c contiki-cc2538dk.a(udma.o)
                0x00201e60                udma_channel_get_mode
 .text.udma_isr
                0x00201e7c       0x10 contiki-cc2538dk.a(udma.o)
                0x00201e7c                udma_isr
 .text.udma_err_isr
                0x00201e8c        0xc contiki-cc2538dk.a(udma.o)
                0x00201e8c                udma_err_isr
 .text.udma_init
                0x00201e98       0x30 contiki-cc2538dk.a(udma.o)
                0x00201e98                udma_init
 .text.enter_pm0
                0x00201ec8        0x4 contiki-cc2538dk.a(lpm.o)
 .text.select_32_mhz_xosc
                0x00201ecc       0x34 contiki-cc2538dk.a(lpm.o)
 .text.lpm_register_peripheral
                0x00201f00       0x30 contiki-cc2538dk.a(lpm.o)
                0x00201f00                lpm_register_peripheral
 .text.lpm_init
                0x00201f30       0x24 contiki-cc2538dk.a(lpm.o)
                0x00201f30                lpm_init
 .text.lpm_enter
                0x00201f54       0xc8 contiki-cc2538dk.a(lpm.o)
                0x00201f54                lpm_enter
 .text.lpm_exit
                0x0020201c       0x38 contiki-cc2538dk.a(lpm.o)
                0x0020201c                lpm_exit
 .text.putchar  0x00202054       0x10 contiki-cc2538dk.a(dbg.o)
                0x00202054                putchar
 .text.puts     0x00202064       0x24 contiki-cc2538dk.a(dbg.o)
                0x00202064                puts
 .text.dbg_send_bytes
                0x00202088       0x24 contiki-cc2538dk.a(dbg.o)
                0x00202088                dbg_send_bytes
 .text.ieee_addr_cpy_to
                0x002020ac       0x78 contiki-cc2538dk.a(ieee-addr.o)
                0x002020ac                ieee_addr_cpy_to
 .text.configure
                0x00202124        0x4 contiki-cc2538dk.a(cc2538-temp-sen)
 .text.status   0x00202128        0x4 contiki-cc2538dk.a(cc2538-temp-sen)
 .text.value    0x0020212c       0x3c contiki-cc2538dk.a(cc2538-temp-sen)
 .text.configure
                0x00202168        0x4 contiki-cc2538dk.a(vdd3-sensor.o)
 .text.status   0x0020216c        0x4 contiki-cc2538dk.a(vdd3-sensor.o)
 .text.value    0x00202170       0x2c contiki-cc2538dk.a(vdd3-sensor.o)
 .text.printf   0x0020219c       0x20 contiki-cc2538dk.a(dbg-printf.o)
                0x0020219c                printf
 .text.write_str
                0x002021bc       0x10 contiki-cc2538dk.a(dbg-printf.o)
 .text.parse_uint
                0x002021cc       0x24 contiki-cc2538dk.a(strformat.o)
 .text.output_uint_hex
                0x002021f0       0x48 contiki-cc2538dk.a(strformat.o)
 .text.fill_space
                0x00202238       0x38 contiki-cc2538dk.a(strformat.o)
 .text.format_str_v
                0x00202270      0x6c8 contiki-cc2538dk.a(strformat.o)
                0x00202270                format_str_v
 .text.autostart_start
                0x00202938       0x18 contiki-cc2538dk.a(autostart.o)
                0x00202938                autostart_start
 .text.process_thread_ctimer_process
                0x00202950       0x8c contiki-cc2538dk.a(ctimer.o)
 .text.ctimer_stop
                0x002029dc       0x28 contiki-cc2538dk.a(ctimer.o)
                0x002029dc                ctimer_stop
 .text.ctimer_set
                0x00202a04       0x44 contiki-cc2538dk.a(ctimer.o)
                0x00202a04                ctimer_set
 .text.ctimer_reset
                0x00202a48       0x34 contiki-cc2538dk.a(ctimer.o)
                0x00202a48                ctimer_reset
 .text.ctimer_init
                0x00202a7c       0x24 contiki-cc2538dk.a(ctimer.o)
                0x00202a7c                ctimer_init
 .text.energest_init
                0x00202aa0        0x4 contiki-cc2538dk.a(energest.o)
                0x00202aa0                energest_init
 .text.etimer_expired
                0x00202aa4        0xc contiki-cc2538dk.a(etimer.o)
                0x00202aa4                etimer_expired
 .text.etimer_expiration_time
                0x00202ab0        0x8 contiki-cc2538dk.a(etimer.o)
                0x00202ab0                etimer_expiration_time
 .text.etimer_pending
                0x00202ab8       0x10 contiki-cc2538dk.a(etimer.o)
                0x00202ab8                etimer_pending
 .text.update_time
                0x00202ac8       0x44 contiki-cc2538dk.a(etimer.o)
 .text.etimer_stop
                0x00202b0c       0x34 contiki-cc2538dk.a(etimer.o)
                0x00202b0c                etimer_stop
 .text.etimer_request_poll
                0x00202b40       0x10 contiki-cc2538dk.a(etimer.o)
                0x00202b40                etimer_request_poll
 .text.process_thread_etimer_process
                0x00202b50       0xa0 contiki-cc2538dk.a(etimer.o)
 .text.add_timer
                0x00202bf0       0x40 contiki-cc2538dk.a(etimer.o)
 .text.etimer_restart
                0x00202c30       0x10 contiki-cc2538dk.a(etimer.o)
                0x00202c30                etimer_restart
 .text.etimer_reset
                0x00202c40       0x10 contiki-cc2538dk.a(etimer.o)
                0x00202c40                etimer_reset
 .text.etimer_set
                0x00202c50       0x10 contiki-cc2538dk.a(etimer.o)
                0x00202c50                etimer_set
 .text.process_alloc_event
                0x00202c60       0x10 contiki-cc2538dk.a(process.o)
                0x00202c60                process_alloc_event
 .text.process_init
                0x00202c70       0x30 contiki-cc2538dk.a(process.o)
                0x00202c70                process_init
 .text.process_nevents
                0x00202ca0       0x14 contiki-cc2538dk.a(process.o)
                0x00202ca0                process_nevents
 .text.process_post
                0x00202cb4       0x50 contiki-cc2538dk.a(process.o)
                0x00202cb4                process_post
 .text.process_poll
                0x00202d04       0x1c contiki-cc2538dk.a(process.o)
                0x00202d04                process_poll
 .text.process_is_running
                0x00202d20        0xc contiki-cc2538dk.a(process.o)
                0x00202d20                process_is_running
 .text.exit_process
                0x00202d2c       0x8c contiki-cc2538dk.a(process.o)
 .text.call_process
                0x00202db8       0x40 contiki-cc2538dk.a(process.o)
 .text.process_post_synch
                0x00202df8       0x14 contiki-cc2538dk.a(process.o)
                0x00202df8                process_post_synch
 .text.process_start
                0x00202e0c       0x30 contiki-cc2538dk.a(process.o)
                0x00202e0c                process_start
 .text.do_poll  0x00202e3c       0x34 contiki-cc2538dk.a(process.o)
 .text.process_run
                0x00202e70       0xb8 contiki-cc2538dk.a(process.o)
                0x00202e70                process_run
 .text.rtimer_run_next
                0x00202f28       0x24 contiki-cc2538dk.a(rtimer.o)
                0x00202f28                rtimer_run_next
 .text.rtimer_set
                0x00202f4c       0x24 contiki-cc2538dk.a(rtimer.o)
                0x00202f4c                rtimer_set
 .text.rtimer_init
                0x00202f70        0x8 contiki-cc2538dk.a(rtimer.o)
                0x00202f70                rtimer_init
 .text.timer_reset
                0x00202f78        0xc contiki-cc2538dk.a(timer.o)
                0x00202f78                timer_reset
 .text.timer_expired
                0x00202f84       0x1c contiki-cc2538dk.a(timer.o)
                0x00202f84                timer_expired
 .text.timer_restart
                0x00202fa0        0xc contiki-cc2538dk.a(timer.o)
                0x00202fa0                timer_restart
 .text.timer_set
                0x00202fac       0x10 contiki-cc2538dk.a(timer.o)
                0x00202fac                timer_set
 .text.process_thread_serial_line_process
                0x00202fbc       0xa8 contiki-cc2538dk.a(serial-line.o)
 .text.serial_line_init
                0x00203064       0x24 contiki-cc2538dk.a(serial-line.o)
                0x00203064                serial_line_init
 .text.serial_line_input_byte
                0x00203088       0x44 contiki-cc2538dk.a(serial-line.o)
                0x00203088                serial_line_input_byte
 .text.list_init
                0x002030cc        0x8 contiki-cc2538dk.a(list.o)
                0x002030cc                list_init
 .text.list_head
                0x002030d4        0x4 contiki-cc2538dk.a(list.o)
                0x002030d4                list_head
 .text.list_tail
                0x002030d8       0x10 contiki-cc2538dk.a(list.o)
                0x002030d8                list_tail
 .text.list_remove
                0x002030e8       0x28 contiki-cc2538dk.a(list.o)
                0x002030e8                list_remove
 .text.list_push
                0x00203110       0x14 contiki-cc2538dk.a(list.o)
                0x00203110                list_push
 .text.list_add
                0x00203124       0x20 contiki-cc2538dk.a(list.o)
                0x00203124                list_add
 .text.list_length
                0x00203144       0x10 contiki-cc2538dk.a(list.o)
                0x00203144                list_length
 .text.list_item_next
                0x00203154        0x8 contiki-cc2538dk.a(list.o)
                0x00203154                list_item_next
 .text.random_rand
                0x0020315c       0x24 contiki-cc2538dk.a(random.o)
                0x0020315c                random_rand
 .text.random_init
                0x00203180       0x90 contiki-cc2538dk.a(random.o)
                0x00203180                random_init
 .text.ringbuf_init
                0x00203210       0x10 contiki-cc2538dk.a(ringbuf.o)
                0x00203210                ringbuf_init
 .text.ringbuf_put
                0x00203220       0x2c contiki-cc2538dk.a(ringbuf.o)
                0x00203220                ringbuf_put
 .text.ringbuf_get
                0x0020324c       0x28 contiki-cc2538dk.a(ringbuf.o)
                0x0020324c                ringbuf_get
 .text.addr_context_lookup_by_number
                0x00203274       0x18 contiki-cc2538dk.a(sicslowpan.o)
 .text.compress_addr_64
                0x0020328c       0xa0 contiki-cc2538dk.a(sicslowpan.o)
 .text.uncompress_addr
                0x0020332c       0x74 contiki-cc2538dk.a(sicslowpan.o)
 .text.set_packet_attrs
                0x002033a0       0x44 contiki-cc2538dk.a(sicslowpan.o)
 .text.input    0x002033e4      0x620 contiki-cc2538dk.a(sicslowpan.o)
 .text.sicslowpan_init
                0x00203a04       0x24 contiki-cc2538dk.a(sicslowpan.o)
                0x00203a04                sicslowpan_init
 .text.addr_context_lookup_by_prefix
                0x00203a28       0x24 contiki-cc2538dk.a(sicslowpan.o)
 .text.send_packet
                0x00203a4c       0x24 contiki-cc2538dk.a(sicslowpan.o)
 .text.output   0x00203a70      0x6d4 contiki-cc2538dk.a(sicslowpan.o)
 .text.packet_sent
                0x00204144       0x28 contiki-cc2538dk.a(sicslowpan.o)
 .text.uip_add32
                0x0020416c       0x60 contiki-cc2538dk.a(uip6.o)
                0x0020416c                uip_add32
 .text.chksum   0x002041cc       0x38 contiki-cc2538dk.a(uip6.o)
 .text.uip_unlisten
                0x00204204       0x3c contiki-cc2538dk.a(uip6.o)
                0x00204204                uip_unlisten
 .text.uip_add_rcv_nxt
                0x00204240       0x34 contiki-cc2538dk.a(uip6.o)
 .text.uip_htons
                0x00204274        0xc contiki-cc2538dk.a(uip6.o)
                0x00204274                uip_htons
 .text.upper_layer_chksum
                0x00204280       0x50 contiki-cc2538dk.a(uip6.o)
 .text.uip_udpchksum
                0x002042d0        0xc contiki-cc2538dk.a(uip6.o)
                0x002042d0                uip_udpchksum
 .text.uip_tcpchksum
                0x002042dc        0xc contiki-cc2538dk.a(uip6.o)
                0x002042dc                uip_tcpchksum
 .text.uip_icmp6chksum
                0x002042e8        0xc contiki-cc2538dk.a(uip6.o)
                0x002042e8                uip_icmp6chksum
 .text.uip_htonl
                0x002042f4       0x18 contiki-cc2538dk.a(uip6.o)
                0x002042f4                uip_htonl
 .text.ext_hdr_options_process
                0x0020430c       0xb8 contiki-cc2538dk.a(uip6.o)
 .text.uip_udp_new
                0x002043c4       0xac contiki-cc2538dk.a(uip6.o)
                0x002043c4                uip_udp_new
 .text.remove_ext_hdr
                0x00204470       0x58 contiki-cc2538dk.a(uip6.o)
                0x00204470                remove_ext_hdr
 .text.uip_process
                0x002044c8      0xe5c contiki-cc2538dk.a(uip6.o)
                0x002044c8                uip_process
 .text.uip_init
                0x00205324       0x78 contiki-cc2538dk.a(uip6.o)
                0x00205324                uip_init
 .text.uip_ds6_get_link_local
                0x0020539c       0x44 contiki-cc2538dk.a(uip-ds6.o)
                0x0020539c                uip_ds6_get_link_local
 .text.uip_ds6_maddr_rm
                0x002053e0        0x8 contiki-cc2538dk.a(uip-ds6.o)
                0x002053e0                uip_ds6_maddr_rm
 .text.get_match_length
                0x002053e8       0x44 contiki-cc2538dk.a(uip-ds6.o)
                0x002053e8                get_match_length
 .text.uip_ds6_select_src
                0x0020542c       0x98 contiki-cc2538dk.a(uip-ds6.o)
                0x0020542c                uip_ds6_select_src
 .text.uip_ds6_compute_reachable_time
                0x002054c4       0x28 contiki-cc2538dk.a(uip-ds6.o)
                0x002054c4                uip_ds6_compute_reachable_time
 .text.uip_ds6_set_addr_iid
                0x002054ec       0x18 contiki-cc2538dk.a(uip-ds6.o)
                0x002054ec                uip_ds6_set_addr_iid
 .text.uip_ds6_is_addr_onlink
                0x00205504       0x40 contiki-cc2538dk.a(uip-ds6.o)
                0x00205504                uip_ds6_is_addr_onlink
 .text.uip_ds6_list_loop
                0x00205544       0x48 contiki-cc2538dk.a(uip-ds6.o)
                0x00205544                uip_ds6_list_loop
 .text.uip_ds6_maddr_lookup
                0x0020558c       0x28 contiki-cc2538dk.a(uip-ds6.o)
                0x0020558c                uip_ds6_maddr_lookup
 .text.uip_ds6_addr_rm
                0x002055b4       0x48 contiki-cc2538dk.a(uip-ds6.o)
                0x002055b4                uip_ds6_addr_rm
 .text.uip_ds6_maddr_add
                0x002055fc       0x3c contiki-cc2538dk.a(uip-ds6.o)
                0x002055fc                uip_ds6_maddr_add
 .text.uip_ds6_addr_lookup
                0x00205638       0x28 contiki-cc2538dk.a(uip-ds6.o)
                0x00205638                uip_ds6_addr_lookup
 .text.uip_ds6_addr_add
                0x00205660       0x98 contiki-cc2538dk.a(uip-ds6.o)
                0x00205660                uip_ds6_addr_add
 .text.uip_ds6_prefix_add
                0x002056f8       0x60 contiki-cc2538dk.a(uip-ds6.o)
                0x002056f8                uip_ds6_prefix_add
 .text.uip_ds6_periodic
                0x00205758       0x54 contiki-cc2538dk.a(uip-ds6.o)
                0x00205758                uip_ds6_periodic
 .text.uip_ds6_init
                0x002057ac       0xdc contiki-cc2538dk.a(uip-ds6.o)
                0x002057ac                uip_ds6_init
 .text.uip_ds6_link_neighbor_callback
                0x00205888       0x28 contiki-cc2538dk.a(uip-ds6-nbr.o)
                0x00205888                uip_ds6_link_neighbor_callback
 .text.uip_ds6_nbr_ll_lookup
                0x002058b0       0x14 contiki-cc2538dk.a(uip-ds6-nbr.o)
                0x002058b0                uip_ds6_nbr_ll_lookup
 .text.uip_ds6_nbr_ipaddr_from_lladdr
                0x002058c4        0x8 contiki-cc2538dk.a(uip-ds6-nbr.o)
                0x002058c4                uip_ds6_nbr_ipaddr_from_lladdr
 .text.uip_ds6_nbr_lookup
                0x002058cc       0x38 contiki-cc2538dk.a(uip-ds6-nbr.o)
                0x002058cc                uip_ds6_nbr_lookup
 .text.uip_ds6_nbr_get_ll
                0x00205904       0x14 contiki-cc2538dk.a(uip-ds6-nbr.o)
                0x00205904                uip_ds6_nbr_get_ll
 .text.uip_ds6_nbr_lladdr_from_ipaddr
                0x00205918       0x10 contiki-cc2538dk.a(uip-ds6-nbr.o)
                0x00205918                uip_ds6_nbr_lladdr_from_ipaddr
 .text.uip_ds6_nbr_rm
                0x00205928       0x1c contiki-cc2538dk.a(uip-ds6-nbr.o)
                0x00205928                uip_ds6_nbr_rm
 .text.uip_ds6_neighbor_periodic
                0x00205944      0x110 contiki-cc2538dk.a(uip-ds6-nbr.o)
                0x00205944                uip_ds6_neighbor_periodic
 .text.uip_ds6_nbr_add
                0x00205a54       0x50 contiki-cc2538dk.a(uip-ds6-nbr.o)
                0x00205a54                uip_ds6_nbr_add
 .text.uip_ds6_neighbors_init
                0x00205aa4       0x18 contiki-cc2538dk.a(uip-ds6-nbr.o)
                0x00205aa4                uip_ds6_neighbors_init
 .text.uip_ds6_route_head
                0x00205abc       0x10 contiki-cc2538dk.a(uip-ds6-route.o)
                0x00205abc                uip_ds6_route_head
 .text.uip_ds6_route_next
                0x00205acc        0xc contiki-cc2538dk.a(uip-ds6-route.o)
                0x00205acc                uip_ds6_route_next
 .text.uip_ds6_defrt_choose
                0x00205ad8       0x34 contiki-cc2538dk.a(uip-ds6-route.o)
                0x00205ad8                uip_ds6_defrt_choose
 .text.uip_ds6_defrt_lookup
                0x00205b0c       0x2c contiki-cc2538dk.a(uip-ds6-route.o)
                0x00205b0c                uip_ds6_defrt_lookup
 .text.call_route_callback
                0x00205b38       0x4c contiki-cc2538dk.a(uip-ds6-route.o)
 .text.uip_ds6_defrt_rm
                0x00205b84       0x44 contiki-cc2538dk.a(uip-ds6-route.o)
                0x00205b84                uip_ds6_defrt_rm
 .text.uip_ds6_defrt_periodic
                0x00205bc8       0x34 contiki-cc2538dk.a(uip-ds6-route.o)
                0x00205bc8                uip_ds6_defrt_periodic
 .text.uip_ds6_route_lookup
                0x00205bfc       0x6c contiki-cc2538dk.a(uip-ds6-route.o)
                0x00205bfc                uip_ds6_route_lookup
 .text.uip_ds6_defrt_add
                0x00205c68       0x54 contiki-cc2538dk.a(uip-ds6-route.o)
                0x00205c68                uip_ds6_defrt_add
 .text.uip_ds6_notification_add
                0x00205cbc       0x18 contiki-cc2538dk.a(uip-ds6-route.o)
                0x00205cbc                uip_ds6_notification_add
 .text.uip_ds6_route_nexthop
                0x00205cd4       0x1c contiki-cc2538dk.a(uip-ds6-route.o)
                0x00205cd4                uip_ds6_route_nexthop
 .text.uip_ds6_route_rm
                0x00205cf0       0x98 contiki-cc2538dk.a(uip-ds6-route.o)
                0x00205cf0                uip_ds6_route_rm
 .text.rm_routelist
                0x00205d88       0x2c contiki-cc2538dk.a(uip-ds6-route.o)
 .text.rm_routelist_callback
                0x00205db4        0x8 contiki-cc2538dk.a(uip-ds6-route.o)
 .text.uip_ds6_route_add
                0x00205dbc       0xf4 contiki-cc2538dk.a(uip-ds6-route.o)
                0x00205dbc                uip_ds6_route_add
 .text.uip_ds6_route_init
                0x00205eb0       0x48 contiki-cc2538dk.a(uip-ds6-route.o)
                0x00205eb0                uip_ds6_route_init
 .text.echo_reply_input
                0x00205ef8       0xe8 contiki-cc2538dk.a(uip-icmp6.o)
 .text.uip_icmp6_input
                0x00205fe0       0x3c contiki-cc2538dk.a(uip-icmp6.o)
                0x00205fe0                uip_icmp6_input
 .text.echo_request_input
                0x0020601c      0x108 contiki-cc2538dk.a(uip-icmp6.o)
 .text.uip_icmp6_register_input_handler
                0x00206124       0x10 contiki-cc2538dk.a(uip-icmp6.o)
                0x00206124                uip_icmp6_register_input_handler
 .text.uip_icmp6_init
                0x00206134       0x18 contiki-cc2538dk.a(uip-icmp6.o)
                0x00206134                uip_icmp6_init
 .text.uip_icmp6_send
                0x0020614c       0x80 contiki-cc2538dk.a(uip-icmp6.o)
                0x0020614c                uip_icmp6_send
 .text.uip_icmp6_error_output
                0x002061cc      0x148 contiki-cc2538dk.a(uip-icmp6.o)
                0x002061cc                uip_icmp6_error_output
 .text.uip_nd6_init
                0x00206314       0x18 contiki-cc2538dk.a(uip-nd6.o)
                0x00206314                uip_nd6_init
 .text.na_input
                0x0020632c      0x1cc contiki-cc2538dk.a(uip-nd6.o)
 .text.create_llao
                0x002064f8       0x28 contiki-cc2538dk.a(uip-nd6.o)
 .text.ns_input
                0x00206520      0x228 contiki-cc2538dk.a(uip-nd6.o)
 .text.uip_nd6_ns_output
                0x00206748      0x12c contiki-cc2538dk.a(uip-nd6.o)
                0x00206748                uip_nd6_ns_output
 .text.ip64_addr_4to6
                0x00206874       0x30 contiki-cc2538dk.a(ip64-addr.o)
                0x00206874                ip64_addr_4to6
 .text.tcpip_output
                0x002068a4       0x14 contiki-cc2538dk.a(tcpip.o)
                0x002068a4                tcpip_output
 .text.tcpip_set_outputfunc
                0x002068b8        0xc contiki-cc2538dk.a(tcpip.o)
                0x002068b8                tcpip_set_outputfunc
 .text.start_periodic_tcp_timer
                0x002068c4       0x18 contiki-cc2538dk.a(tcpip.o)
 .text.tcpip_uipcall
                0x002068dc       0x84 contiki-cc2538dk.a(tcpip.o)
                0x002068dc                tcpip_uipcall
 .text.tcpip_input
                0x00206960       0x24 contiki-cc2538dk.a(tcpip.o)
                0x00206960                tcpip_input
 .text.tcpip_icmp6_call
                0x00206984       0x24 contiki-cc2538dk.a(tcpip.o)
                0x00206984                tcpip_icmp6_call
 .text.tcpip_ipv6_output
                0x002069a8      0x138 contiki-cc2538dk.a(tcpip.o)
                0x002069a8                tcpip_ipv6_output
 .text.process_thread_tcpip_process
                0x00206ae0      0x1f8 contiki-cc2538dk.a(tcpip.o)
 .text.udp_new  0x00206cd8       0x1c contiki-cc2538dk.a(tcpip.o)
                0x00206cd8                udp_new
 .text.udp_socket_bind
                0x00206cf4       0x18 contiki-cc2538dk.a(udp-socket.o)
                0x00206cf4                udp_socket_bind
 .text.udp_socket_connect
                0x00206d0c       0x28 contiki-cc2538dk.a(udp-socket.o)
                0x00206d0c                udp_socket_connect
 .text.process_thread_udp_socket_process
                0x00206d34       0xb8 contiki-cc2538dk.a(udp-socket.o)
 .text.udp_socket_sendto
                0x00206dec       0x2c contiki-cc2538dk.a(udp-socket.o)
                0x00206dec                udp_socket_sendto
 .text.udp_socket_register
                0x00206e18       0x54 contiki-cc2538dk.a(udp-socket.o)
                0x00206e18                udp_socket_register
 .text.uip_debug_ipaddr_print
                0x00206e6c       0x64 contiki-cc2538dk.a(uip-debug.o)
                0x00206e6c                uip_debug_ipaddr_print
 .text.uip_udp_packet_send
                0x00206ed0       0x40 contiki-cc2538dk.a(uip-udp-packet.)
                0x00206ed0                uip_udp_packet_send
 .text.uip_udp_packet_sendto
                0x00206f10       0x44 contiki-cc2538dk.a(uip-udp-packet.)
                0x00206f10                uip_udp_packet_sendto
 .text.linkaddr_cmp
                0x00206f54       0x14 contiki-cc2538dk.a(linkaddr.o)
                0x00206f54                linkaddr_cmp
 .text.linkaddr_copy
                0x00206f68        0xc contiki-cc2538dk.a(linkaddr.o)
                0x00206f68                linkaddr_copy
 .text.item_from_index
                0x00206f74       0x18 contiki-cc2538dk.a(nbr-table.o)
 .text.index_from_key
                0x00206f8c       0x20 contiki-cc2538dk.a(nbr-table.o)
 .text.index_from_item
                0x00206fac       0x18 contiki-cc2538dk.a(nbr-table.o)
 .text.item_from_key
                0x00206fc4       0x14 contiki-cc2538dk.a(nbr-table.o)
 .text.key_from_item
                0x00206fd8       0x20 contiki-cc2538dk.a(nbr-table.o)
 .text.nbr_get_bit
                0x00206ff8       0x28 contiki-cc2538dk.a(nbr-table.o)
 .text.nbr_set_bit
                0x00207020       0x40 contiki-cc2538dk.a(nbr-table.o)
 .text.nbr_table_register
                0x00207060       0x28 contiki-cc2538dk.a(nbr-table.o)
                0x00207060                nbr_table_register
 .text.nbr_table_remove
                0x00207088       0x2c contiki-cc2538dk.a(nbr-table.o)
                0x00207088                nbr_table_remove
 .text.nbr_table_lock
                0x002070b4       0x18 contiki-cc2538dk.a(nbr-table.o)
                0x002070b4                nbr_table_lock
 .text.nbr_table_unlock
                0x002070cc       0x18 contiki-cc2538dk.a(nbr-table.o)
                0x002070cc                nbr_table_unlock
 .text.nbr_table_get_lladdr
                0x002070e4       0x10 contiki-cc2538dk.a(nbr-table.o)
                0x002070e4                nbr_table_get_lladdr
 .text.index_from_lladdr
                0x002070f4       0x40 contiki-cc2538dk.a(nbr-table.o)
 .text.nbr_table_get_from_lladdr
                0x00207134       0x2c contiki-cc2538dk.a(nbr-table.o)
                0x00207134                nbr_table_get_from_lladdr
 .text.nbr_table_next
                0x00207160       0x34 contiki-cc2538dk.a(nbr-table.o)
                0x00207160                nbr_table_next
 .text.nbr_table_head
                0x00207194       0x38 contiki-cc2538dk.a(nbr-table.o)
                0x00207194                nbr_table_head
 .text.nbr_table_add_lladdr
                0x002071cc      0x11c contiki-cc2538dk.a(nbr-table.o)
                0x002071cc                nbr_table_add_lladdr
 .text.netstack_init
                0x002072e8       0x2c contiki-cc2538dk.a(netstack.o)
                0x002072e8                netstack_init
 .text.packetbuf_compact
                0x00207314       0x44 contiki-cc2538dk.a(packetbuf.o)
                0x00207314                packetbuf_compact
 .text.packetbuf_hdrreduce
                0x00207358       0x2c contiki-cc2538dk.a(packetbuf.o)
                0x00207358                packetbuf_hdrreduce
 .text.packetbuf_set_datalen
                0x00207384        0xc contiki-cc2538dk.a(packetbuf.o)
                0x00207384                packetbuf_set_datalen
 .text.packetbuf_dataptr
                0x00207390       0x18 contiki-cc2538dk.a(packetbuf.o)
                0x00207390                packetbuf_dataptr
 .text.packetbuf_hdrptr
                0x002073a8       0x14 contiki-cc2538dk.a(packetbuf.o)
                0x002073a8                packetbuf_hdrptr
 .text.packetbuf_datalen
                0x002073bc        0xc contiki-cc2538dk.a(packetbuf.o)
                0x002073bc                packetbuf_datalen
 .text.packetbuf_hdrlen
                0x002073c8       0x1c contiki-cc2538dk.a(packetbuf.o)
                0x002073c8                packetbuf_hdrlen
 .text.packetbuf_totlen
                0x002073e4       0x14 contiki-cc2538dk.a(packetbuf.o)
                0x002073e4                packetbuf_totlen
 .text.packetbuf_hdralloc
                0x002073f8       0x28 contiki-cc2538dk.a(packetbuf.o)
                0x002073f8                packetbuf_hdralloc
 .text.packetbuf_set_attr
                0x00207420       0x10 contiki-cc2538dk.a(packetbuf.o)
                0x00207420                packetbuf_set_attr
 .text.packetbuf_attr
                0x00207430        0xc contiki-cc2538dk.a(packetbuf.o)
                0x00207430                packetbuf_attr
 .text.packetbuf_addr
                0x0020743c       0x10 contiki-cc2538dk.a(packetbuf.o)
                0x0020743c                packetbuf_addr
 .text.packetbuf_holds_broadcast
                0x0020744c       0x14 contiki-cc2538dk.a(packetbuf.o)
                0x0020744c                packetbuf_holds_broadcast
 .text.packetbuf_set_addr
                0x00207460       0x18 contiki-cc2538dk.a(packetbuf.o)
                0x00207460                packetbuf_set_addr
 .text.packetbuf_attr_clear
                0x00207478       0x34 contiki-cc2538dk.a(packetbuf.o)
                0x00207478                packetbuf_attr_clear
 .text.packetbuf_clear
                0x002074ac       0x38 contiki-cc2538dk.a(packetbuf.o)
                0x002074ac                packetbuf_clear
 .text.packetbuf_attr_copyfrom
                0x002074e4       0x24 contiki-cc2538dk.a(packetbuf.o)
                0x002074e4                packetbuf_attr_copyfrom
 .text.packetbuf_attr_copyto
                0x00207508       0x20 contiki-cc2538dk.a(packetbuf.o)
                0x00207508                packetbuf_attr_copyto
 .text.packetbuf_copyto
                0x00207528       0x5c contiki-cc2538dk.a(packetbuf.o)
                0x00207528                packetbuf_copyto
 .text.packetbuf_copyfrom
                0x00207584       0x2c contiki-cc2538dk.a(packetbuf.o)
                0x00207584                packetbuf_copyfrom
 .text.queuebuf_attr
                0x002075b0        0xc contiki-cc2538dk.a(queuebuf.o)
                0x002075b0                queuebuf_attr
 .text.queuebuf_to_packetbuf
                0x002075bc       0x2c contiki-cc2538dk.a(queuebuf.o)
                0x002075bc                queuebuf_to_packetbuf
 .text.queuebuf_free
                0x002075e8       0x28 contiki-cc2538dk.a(queuebuf.o)
                0x002075e8                queuebuf_free
 .text.queuebuf_update_attr_from_packetbuf
                0x00207610       0x10 contiki-cc2538dk.a(queuebuf.o)
                0x00207610                queuebuf_update_attr_from_packetbuf
 .text.queuebuf_update_from_packetbuf
                0x00207620       0x1c contiki-cc2538dk.a(queuebuf.o)
                0x00207620                queuebuf_update_from_packetbuf
 .text.queuebuf_new_from_packetbuf
                0x0020763c       0x44 contiki-cc2538dk.a(queuebuf.o)
                0x0020763c                queuebuf_new_from_packetbuf
 .text.queuebuf_numfree
                0x00207680       0x10 contiki-cc2538dk.a(queuebuf.o)
                0x00207680                queuebuf_numfree
 .text.queuebuf_init
                0x00207690       0x18 contiki-cc2538dk.a(queuebuf.o)
                0x00207690                queuebuf_init
 .text.on       0x002076a8       0x28 contiki-cc2538dk.a(contikimac.o)
 .text.off      0x002076d0       0x30 contiki-cc2538dk.a(contikimac.o)
 .text.powercycle_turn_radio_off
                0x00207700       0x1c contiki-cc2538dk.a(contikimac.o)
 .text.recv_burst_off
                0x0020771c       0x14 contiki-cc2538dk.a(contikimac.o)
 .text.turn_off
                0x00207730       0x34 contiki-cc2538dk.a(contikimac.o)
 .text.duty_cycle
                0x00207764        0x4 contiki-cc2538dk.a(contikimac.o)
 .text.turn_on  0x00207768       0x3c contiki-cc2538dk.a(contikimac.o)
 .text.schedule_powercycle_fixed
                0x002077a4       0x38 contiki-cc2538dk.a(contikimac.o)
 .text.powercycle
                0x002077dc      0x1f8 contiki-cc2538dk.a(contikimac.o)
 .text.init     0x002079d4       0x3c contiki-cc2538dk.a(contikimac.o)
 .text.input_packet
                0x00207a10       0x98 contiki-cc2538dk.a(contikimac.o)
 .text.send_packet
                0x00207aa8      0x1d4 contiki-cc2538dk.a(contikimac.o)
 .text.qsend_list
                0x00207c7c       0xc8 contiki-cc2538dk.a(contikimac.o)
 .text.qsend_packet
                0x00207d44       0x20 contiki-cc2538dk.a(contikimac.o)
 .text.default_timebase
                0x00207d64       0x14 contiki-cc2538dk.a(csma.o)
 .text.input_packet
                0x00207d78       0x10 contiki-cc2538dk.a(csma.o)
 .text.on       0x00207d88       0x10 contiki-cc2538dk.a(csma.o)
 .text.off      0x00207d98       0x10 contiki-cc2538dk.a(csma.o)
 .text.channel_check_interval
                0x00207da8       0x10 contiki-cc2538dk.a(csma.o)
 .text.transmit_packet_list
                0x00207db8       0x24 contiki-cc2538dk.a(csma.o)
 .text.send_packet
                0x00207ddc      0x154 contiki-cc2538dk.a(csma.o)
 .text.free_packet
                0x00207f30       0x7c contiki-cc2538dk.a(csma.o)
 .text.packet_sent
                0x00207fac       0xdc contiki-cc2538dk.a(csma.o)
 .text.init     0x00208088       0x24 contiki-cc2538dk.a(csma.o)
 .text.parse    0x002080ac       0x90 contiki-cc2538dk.a(framer-802154.o)
 .text.create_frame
                0x0020813c      0x118 contiki-cc2538dk.a(framer-802154.o)
 .text.create   0x00208254        0xc contiki-cc2538dk.a(framer-802154.o)
 .text.hdr_length
                0x00208260        0xc contiki-cc2538dk.a(framer-802154.o)
 .text.framer_canonical_create_and_secure
                0x0020826c       0x2c contiki-cc2538dk.a(framer.o)
                0x0020826c                framer_canonical_create_and_secure
 .text.mac_call_sent_callback
                0x00208298       0x10 contiki-cc2538dk.a(mac.o)
                0x00208298                mac_call_sent_callback
 .text.mac_sequence_is_duplicate
                0x002082a8       0x38 contiki-cc2538dk.a(mac-sequence.o)
                0x002082a8                mac_sequence_is_duplicate
 .text.mac_sequence_register_seqno
                0x002082e0       0x64 contiki-cc2538dk.a(mac-sequence.o)
                0x002082e0                mac_sequence_register_seqno
 .text.bootstrap
                0x00208344        0x8 contiki-cc2538dk.a(nullsec.o)
 .text.on_frame_created
                0x0020834c        0x4 contiki-cc2538dk.a(nullsec.o)
 .text.input    0x00208350       0x10 contiki-cc2538dk.a(nullsec.o)
 .text.get_overhead
                0x00208360        0x4 contiki-cc2538dk.a(nullsec.o)
 .text.send     0x00208364       0x20 contiki-cc2538dk.a(nullsec.o)
 .text.netstack_aes_set_key
                0x00208384       0x1c contiki-cc2538dk.a(netstack-aes.o)
                0x00208384                netstack_aes_set_key
 .text.rpl_get_mode
                0x002083a0        0xc contiki-cc2538dk.a(rpl.o)
                0x002083a0                rpl_get_mode
 .text.rpl_init
                0x002083ac       0x54 contiki-cc2538dk.a(rpl.o)
                0x002083ac                rpl_init
 .text.rpl_ipv6_neighbor_callback
                0x00208400       0x3c contiki-cc2538dk.a(rpl.o)
                0x00208400                rpl_ipv6_neighbor_callback
 .text.rpl_link_neighbor_callback
                0x0020843c       0x80 contiki-cc2538dk.a(rpl.o)
                0x0020843c                rpl_link_neighbor_callback
 .text.rpl_add_route
                0x002084bc       0x2c contiki-cc2538dk.a(rpl.o)
                0x002084bc                rpl_add_route
 .text.rpl_remove_routes_by_nexthop
                0x002084e8       0x38 contiki-cc2538dk.a(rpl.o)
                0x002084e8                rpl_remove_routes_by_nexthop
 .text.rpl_remove_routes
                0x00208520       0x20 contiki-cc2538dk.a(rpl.o)
                0x00208520                rpl_remove_routes
 .text.rpl_purge_routes
                0x00208540       0x68 contiki-cc2538dk.a(rpl.o)
                0x00208540                rpl_purge_routes
 .text.lollipop_greater_than
                0x002085a8       0x3c contiki-cc2538dk.a(rpl-dag.o)
 .text.acceptable_rank
                0x002085e4       0x34 contiki-cc2538dk.a(rpl-dag.o)
 .text.rpl_get_any_dag
                0x00208618       0x18 contiki-cc2538dk.a(rpl-dag.o)
                0x00208618                rpl_get_any_dag
 .text.rpl_get_instance
                0x00208630       0x1c contiki-cc2538dk.a(rpl-dag.o)
                0x00208630                rpl_get_instance
 .text.rpl_find_of
                0x0020864c       0x14 contiki-cc2538dk.a(rpl-dag.o)
                0x0020864c                rpl_find_of
 .text.rpl_lock_parent
                0x00208660       0x14 contiki-cc2538dk.a(rpl-dag.o)
                0x00208660                rpl_lock_parent
 .text.rpl_repair_root
                0x00208674       0x4c contiki-cc2538dk.a(rpl-dag.o)
                0x00208674                rpl_repair_root
 .text.find_parent_any_dag_any_instance
                0x002086c0       0x1c contiki-cc2538dk.a(rpl-dag.o)
 .text.find_parent_dag
                0x002086dc       0x10 contiki-cc2538dk.a(rpl-dag.o)
 .text.rpl_find_parent_any_dag
                0x002086ec       0x20 contiki-cc2538dk.a(rpl-dag.o)
                0x002086ec                rpl_find_parent_any_dag
 .text.rpl_find_parent
                0x0020870c       0x1c contiki-cc2538dk.a(rpl-dag.o)
                0x0020870c                rpl_find_parent
 .text.rpl_get_parent
                0x00208728       0x14 contiki-cc2538dk.a(rpl-dag.o)
                0x00208728                rpl_get_parent
 .text.rpl_set_preferred_parent
                0x0020873c       0x28 contiki-cc2538dk.a(rpl-dag.o)
 .text.rpl_select_parent
                0x00208764       0x70 contiki-cc2538dk.a(rpl-dag.o)
                0x00208764                rpl_select_parent
 .text.set_ip_from_prefix
                0x002087d4       0x2c contiki-cc2538dk.a(rpl-dag.o)
 .text.check_prefix
                0x00208800       0x58 contiki-cc2538dk.a(rpl-dag.o)
 .text.rpl_set_prefix
                0x00208858       0x70 contiki-cc2538dk.a(rpl-dag.o)
                0x00208858                rpl_set_prefix
 .text.rpl_set_default_route
                0x002088c8       0x48 contiki-cc2538dk.a(rpl-dag.o)
                0x002088c8                rpl_set_default_route
 .text.rpl_nullify_parent
                0x00208910       0x44 contiki-cc2538dk.a(rpl-dag.o)
                0x00208910                rpl_nullify_parent
 .text.rpl_local_repair
                0x00208954       0x60 contiki-cc2538dk.a(rpl-dag.o)
                0x00208954                rpl_local_repair
 .text.rpl_remove_parent
                0x002089b4       0x18 contiki-cc2538dk.a(rpl-dag.o)
                0x002089b4                rpl_remove_parent
 .text.remove_parents
                0x002089cc       0x38 contiki-cc2538dk.a(rpl-dag.o)
 .text.nbr_callback
                0x00208a04        0x8 contiki-cc2538dk.a(rpl-dag.o)
 .text.rpl_alloc_instance
                0x00208a0c       0x48 contiki-cc2538dk.a(rpl-dag.o)
                0x00208a0c                rpl_alloc_instance
 .text.rpl_alloc_dag
                0x00208a54       0x48 contiki-cc2538dk.a(rpl-dag.o)
                0x00208a54                rpl_alloc_dag
 .text.rpl_get_nbr
                0x00208a9c       0x24 contiki-cc2538dk.a(rpl-dag.o)
                0x00208a9c                rpl_get_nbr
 .text.rpl_add_parent
                0x00208ac0       0x44 contiki-cc2538dk.a(rpl-dag.o)
                0x00208ac0                rpl_add_parent
 .text.rpl_join_instance
                0x00208b04      0x114 contiki-cc2538dk.a(rpl-dag.o)
                0x00208b04                rpl_join_instance
 .text.rpl_get_parent_ipaddr
                0x00208c18       0x18 contiki-cc2538dk.a(rpl-dag.o)
                0x00208c18                rpl_get_parent_ipaddr
 .text.rpl_move_parent
                0x00208c30       0x48 contiki-cc2538dk.a(rpl-dag.o)
                0x00208c30                rpl_move_parent
 .text.rpl_select_dag
                0x00208c78      0x144 contiki-cc2538dk.a(rpl-dag.o)
                0x00208c78                rpl_select_dag
 .text.rpl_process_parent_event
                0x00208dbc       0x3c contiki-cc2538dk.a(rpl-dag.o)
                0x00208dbc                rpl_process_parent_event
 .text.rpl_recalculate_ranks
                0x00208df8       0x40 contiki-cc2538dk.a(rpl-dag.o)
                0x00208df8                rpl_recalculate_ranks
 .text.rpl_add_dag
                0x00208e38      0x110 contiki-cc2538dk.a(rpl-dag.o)
                0x00208e38                rpl_add_dag
 .text.rpl_process_dio
                0x00208f48      0x28c contiki-cc2538dk.a(rpl-dag.o)
                0x00208f48                rpl_process_dio
 .text.rpl_dag_init
                0x002091d4       0x18 contiki-cc2538dk.a(rpl-dag.o)
                0x002091d4                rpl_dag_init
 .text.get32    0x002091ec       0x1c contiki-cc2538dk.a(rpl-icmp6.o)
 .text.set32    0x00209208       0x18 contiki-cc2538dk.a(rpl-icmp6.o)
 .text.get16    0x00209220        0xc contiki-cc2538dk.a(rpl-icmp6.o)
 .text.set16    0x0020922c        0xc contiki-cc2538dk.a(rpl-icmp6.o)
 .text.dao_ack_input
                0x00209238       0x10 contiki-cc2538dk.a(rpl-icmp6.o)
 .text.rpl_icmp6_register_handlers
                0x00209248       0x2c contiki-cc2538dk.a(rpl-icmp6.o)
                0x00209248                rpl_icmp6_register_handlers
 .text.dao_ack_output
                0x00209274       0x30 contiki-cc2538dk.a(rpl-icmp6.o)
                0x00209274                dao_ack_output
 .text.dio_output
                0x002092a4      0x210 contiki-cc2538dk.a(rpl-icmp6.o)
                0x002092a4                dio_output
 .text.dis_output
                0x002094b4       0x58 contiki-cc2538dk.a(rpl-icmp6.o)
                0x002094b4                dis_output
 .text.dao_input
                0x0020950c      0x244 contiki-cc2538dk.a(rpl-icmp6.o)
 .text.dio_input
                0x00209750      0x24c contiki-cc2538dk.a(rpl-icmp6.o)
 .text.dis_input
                0x0020999c       0x4c contiki-cc2538dk.a(rpl-icmp6.o)
 .text.dao_output_target
                0x002099e8       0xc4 contiki-cc2538dk.a(rpl-icmp6.o)
                0x002099e8                dao_output_target
 .text.dao_output
                0x00209aac       0x50 contiki-cc2538dk.a(rpl-icmp6.o)
                0x00209aac                dao_output
 .text.rpl_schedule_probing
                0x00209afc       0x2c contiki-cc2538dk.a(rpl-timers.o)
                0x00209afc                rpl_schedule_probing
 .text.new_dio_interval
                0x00209b28       0x58 contiki-cc2538dk.a(rpl-timers.o)
 .text.rpl_reset_dio_timer
                0x00209b80       0x20 contiki-cc2538dk.a(rpl-timers.o)
                0x00209b80                rpl_reset_dio_timer
 .text.rpl_reset_periodic_timer
                0x00209ba0       0x34 contiki-cc2538dk.a(rpl-timers.o)
                0x00209ba0                rpl_reset_periodic_timer
 .text.handle_probing_timer
                0x00209bd4       0xe4 contiki-cc2538dk.a(rpl-timers.o)
 .text.set_dao_lifetime_timer
                0x00209cb8       0x38 contiki-cc2538dk.a(rpl-timers.o)
 .text.schedule_dao
                0x00209cf0       0x50 contiki-cc2538dk.a(rpl-timers.o)
 .text.rpl_schedule_dao
                0x00209d40        0xc contiki-cc2538dk.a(rpl-timers.o)
                0x00209d40                rpl_schedule_dao
 .text.handle_dio_timer
                0x00209d4c       0x7c contiki-cc2538dk.a(rpl-timers.o)
 .text.handle_dao_timer
                0x00209dc8       0x54 contiki-cc2538dk.a(rpl-timers.o)
 .text.handle_periodic_timer
                0x00209e1c       0x34 contiki-cc2538dk.a(rpl-timers.o)
 .text.reset    0x00209e50        0x4 contiki-cc2538dk.a(rpl-mrhof.o)
 .text.best_dag
                0x00209e54       0x24 contiki-cc2538dk.a(rpl-mrhof.o)
 .text.update_metric_container
                0x00209e78        0x8 contiki-cc2538dk.a(rpl-mrhof.o)
 .text.calculate_rank
                0x00209e80       0x34 contiki-cc2538dk.a(rpl-mrhof.o)
 .text.calculate_path_metric
                0x00209eb4       0x1c contiki-cc2538dk.a(rpl-mrhof.o)
 .text.best_parent
                0x00209ed0       0x40 contiki-cc2538dk.a(rpl-mrhof.o)
 .text.neighbor_link_callback
                0x00209f10       0x50 contiki-cc2538dk.a(rpl-mrhof.o)
 .text.rpl_invert_header
                0x00209f60       0x78 contiki-cc2538dk.a(rpl-ext-header.)
                0x00209f60                rpl_invert_header
 .text.rpl_update_header_final
                0x00209fd8       0x90 contiki-cc2538dk.a(rpl-ext-header.)
                0x00209fd8                rpl_update_header_final
 .text.rpl_update_header_empty
                0x0020a068      0x16c contiki-cc2538dk.a(rpl-ext-header.)
                0x0020a068                rpl_update_header_empty
 .text.rpl_insert_header
                0x0020a1d4       0x20 contiki-cc2538dk.a(rpl-ext-header.)
                0x0020a1d4                rpl_insert_header
 .text.rpl_verify_header
                0x0020a1f4       0xa8 contiki-cc2538dk.a(rpl-ext-header.)
                0x0020a1f4                rpl_verify_header
 .text.gpio_set
                0x0020a29c        0x8 contiki-cc2538dk.a(oled-arch.o)
 .text.gpio_reset
                0x0020a2a4        0x8 contiki-cc2538dk.a(oled-arch.o)
 .text.OLED_WrCmd
                0x0020a2ac       0x68 contiki-cc2538dk.a(oled-arch.o)
                0x0020a2ac                OLED_WrCmd
 .text.OLED_Display_Off
                0x0020a314       0x18 contiki-cc2538dk.a(oled-arch.o)
                0x0020a314                OLED_Display_Off
 .text.OLED_Init
                0x0020a32c       0xe8 contiki-cc2538dk.a(oled-arch.o)
                0x0020a32c                OLED_Init
 .text.stimer_expired
                0x0020a414       0x20 contiki-cc2538dk.a(stimer.o)
                0x0020a414                stimer_expired
 .text.stimer_set
                0x0020a434       0x10 contiki-cc2538dk.a(stimer.o)
                0x0020a434                stimer_set
 .text.memb_alloc
                0x0020a444       0x2c contiki-cc2538dk.a(memb.o)
                0x0020a444                memb_alloc
 .text.memb_free
                0x0020a470       0x30 contiki-cc2538dk.a(memb.o)
                0x0020a470                memb_free
 .text.memb_inmemb
                0x0020a4a0       0x20 contiki-cc2538dk.a(memb.o)
                0x0020a4a0                memb_inmemb
 .text.memb_numfree
                0x0020a4c0       0x1c contiki-cc2538dk.a(memb.o)
                0x0020a4c0                memb_numfree
 .text.memb_init
                0x0020a4dc       0x20 contiki-cc2538dk.a(memb.o)
                0x0020a4dc                memb_init
 .text.addr_len
                0x0020a4fc       0x10 contiki-cc2538dk.a(frame802154.o)
 .text.frame802154_parse
                0x0020a50c      0x128 contiki-cc2538dk.a(frame802154.o)
                0x0020a50c                frame802154_parse
 .text.field_len
                0x0020a634       0x68 contiki-cc2538dk.a(frame802154.o)
 .text.frame802154_create
                0x0020a69c       0xdc contiki-cc2538dk.a(frame802154.o)
                0x0020a69c                frame802154_create
 .text.frame802154_hdrlen
                0x0020a778       0x2c contiki-cc2538dk.a(frame802154.o)
                0x0020a778                frame802154_hdrlen
 .text          0x0020a7a4       0x2c /home/user/CodeSourcery/Sourcery_G++_Lite/bin/../lib/gcc/arm-none-eabi/4.3.2/thumb2/libgcc.a(_aeabi_uldivmod.o)
                0x0020a7a4                __aeabi_uldivmod
 .text          0x0020a7d0       0x60 /home/user/CodeSourcery/Sourcery_G++_Lite/bin/../lib/gcc/arm-none-eabi/4.3.2/thumb2/libgcc.a(bpabi.o)
                0x0020a7d0                __gnu_uldivmod_helper
                0x0020a800                __gnu_ldivmod_helper
 .text          0x0020a830        0x4 /home/user/CodeSourcery/Sourcery_G++_Lite/bin/../lib/gcc/arm-none-eabi/4.3.2/thumb2/libgcc.a(_dvmd_tls.o)
                0x0020a830                __aeabi_ldiv0
                0x0020a830                __aeabi_idiv0
 .text          0x0020a834      0x424 /home/user/CodeSourcery/Sourcery_G++_Lite/bin/../lib/gcc/arm-none-eabi/4.3.2/thumb2/libgcc.a(_divdi3.o)
                0x0020a834                __divdi3
 .text          0x0020ac58      0x3e4 /home/user/CodeSourcery/Sourcery_G++_Lite/bin/../lib/gcc/arm-none-eabi/4.3.2/thumb2/libgcc.a(_udivdi3.o)
                0x0020ac58                __udivdi3
 .text          0x0020b03c       0x8c /home/user/CodeSourcery/Sourcery_G++_Lite/bin/../lib/gcc/arm-none-eabi/4.3.2/thumb2/libgcc.a(_udivsi3.o)
                0x0020b03c                __udivsi3
                0x0020b03c                __aeabi_uidiv
                0x0020b0b4                __aeabi_uidivmod
 .text          0x0020b0c8       0x60 /home/user/CodeSourcery/Sourcery_G++_Lite/bin/../lib/gcc/arm-none-eabi/4.3.2/../../../../arm-none-eabi/lib/thumb2/libc.a(lib_a-memcmp.o)
                0x0020b0c8                memcmp
 .text          0x0020b128       0x98 /home/user/CodeSourcery/Sourcery_G++_Lite/bin/../lib/gcc/arm-none-eabi/4.3.2/../../../../arm-none-eabi/lib/thumb2/libc.a(lib_a-memcpy.o)
                0x0020b128                memcpy
 .text          0x0020b1c0       0xc0 /home/user/CodeSourcery/Sourcery_G++_Lite/bin/../lib/gcc/arm-none-eabi/4.3.2/../../../../arm-none-eabi/lib/thumb2/libc.a(lib_a-memmove.o)
                0x0020b1c0                memmove
 .text          0x0020b280       0x88 /home/user/CodeSourcery/Sourcery_G++_Lite/bin/../lib/gcc/arm-none-eabi/4.3.2/../../../../arm-none-eabi/lib/thumb2/libc.a(lib_a-memset.o)
                0x0020b280                memset
 *(SORT(.rodata*))
 .rodata.autostart_processes
                0x0020b308        0x8 dht11.co
                0x0020b308                autostart_processes
 .rodata.button_select_sensor
                0x0020b310       0x10 contiki-cc2538dk.a(button-sensor.o)
                0x0020b310                button_select_sensor
 .rodata.button_up_sensor
                0x0020b320       0x10 contiki-cc2538dk.a(button-sensor.o)
                0x0020b320                button_up_sensor
 .rodata.button_left_sensor
                0x0020b330       0x10 contiki-cc2538dk.a(button-sensor.o)
                0x0020b330                button_left_sensor
 .rodata.button_right_sensor
                0x0020b340       0x10 contiki-cc2538dk.a(button-sensor.o)
                0x0020b340                button_right_sensor
 .rodata.button_down_sensor
                0x0020b350       0x10 contiki-cc2538dk.a(button-sensor.o)
                0x0020b350                button_down_sensor
 .rodata.als_sensor
                0x0020b360       0x10 contiki-cc2538dk.a(als-sensor.o)
                0x0020b360                als_sensor
 .rodata.uart_regs
                0x0020b370       0x58 contiki-cc2538dk.a(uart.o)
 .rodata.cc2538_rf_driver
                0x0020b3c8       0x38 contiki-cc2538dk.a(cc2538-rf.o)
                0x0020b3c8                cc2538_rf_driver
 .rodata.output_power
                0x0020b400       0x70 contiki-cc2538dk.a(cc2538-rf.o)
 .rodata.cc2538_temp_sensor
                0x0020b470       0x10 contiki-cc2538dk.a(cc2538-temp-sen)
                0x0020b470                cc2538_temp_sensor
 .rodata.vdd3_sensor
                0x0020b480       0x10 contiki-cc2538dk.a(vdd3-sensor.o)
                0x0020b480                vdd3_sensor
 .rodata.sicslowpan_driver
                0x0020b490        0xc contiki-cc2538dk.a(sicslowpan.o)
                0x0020b490                sicslowpan_driver
 .rodata.packetbuf
                0x0020b49c        0x4 contiki-cc2538dk.a(packetbuf.o)
 .rodata.contikimac_driver
                0x0020b4a0       0x20 contiki-cc2538dk.a(contikimac.o)
                0x0020b4a0                contikimac_driver
 .rodata.csma_driver
                0x0020b4c0       0x1c contiki-cc2538dk.a(csma.o)
                0x0020b4c0                csma_driver
 .rodata.framer_802154
                0x0020b4dc       0x10 contiki-cc2538dk.a(framer-802154.o)
                0x0020b4dc                framer_802154
 .rodata.nullsec_driver
                0x0020b4ec       0x18 contiki-cc2538dk.a(nullsec.o)
                0x0020b4ec                nullsec_driver
 .rodata        0x0020b504        0xe dht11.co
 .rodata.str1.1
                0x0020b512       0x97 dht11.co
 .rodata.F8X16  0x0020b5a9      0x5f0 contiki-cc2538dk.a(oled.o)
 .rodata.str1.1
                0x0020bb99       0x84 contiki-cc2538dk.a(contiki-main.o)
 .rodata.str1.1
                0x0020bc1d        0x8 contiki-cc2538dk.a(sensors.o)
 .rodata.str1.1
                0x0020bc25        0x7 contiki-cc2538dk.a(button-sensor.o)
 .rodata.str1.1
                0x0020bc2c        0x4 contiki-cc2538dk.a(als-sensor.o)
 .rodata.str1.1
                0x0020bc30       0x11 contiki-cc2538dk.a(cc2538-rf.o)
 .rodata.str1.1
                0x0020bc41       0x14 contiki-cc2538dk.a(cc2538-temp-sen)
 .rodata.str1.1
                0x0020bc55        0x5 contiki-cc2538dk.a(vdd3-sensor.o)
 .rodata.buffer.1352
                0x0020bc5a       0x10 contiki-cc2538dk.a(strformat.o)
 .rodata.str1.1
                0x0020bc6a       0x35 contiki-cc2538dk.a(strformat.o)
                                 0x37 (size before relaxing)
 .rodata.buffer.1366
                0x0020bc9f       0x10 contiki-cc2538dk.a(strformat.o)
 .rodata.str1.1
                0x0020bcaf        0xf contiki-cc2538dk.a(ctimer.o)
 .rodata.str1.1
                0x0020bcbe        0xc contiki-cc2538dk.a(etimer.o)
 .rodata.str1.1
                0x0020bcca        0xe contiki-cc2538dk.a(serial-line.o)
 .rodata.C.44.4695
                0x0020bcd8        0x2 contiki-cc2538dk.a(sicslowpan.o)
 .rodata.ttl_values
                0x0020bcda        0x4 contiki-cc2538dk.a(sicslowpan.o)
 .rodata.unc_llconf
                0x0020bcde        0x4 contiki-cc2538dk.a(sicslowpan.o)
                0x0020bcde                unc_llconf
 .rodata.llprefix
                0x0020bce2        0x2 contiki-cc2538dk.a(sicslowpan.o)
                0x0020bce2                llprefix
 .rodata.unc_mxconf
                0x0020bce4        0x4 contiki-cc2538dk.a(sicslowpan.o)
                0x0020bce4                unc_mxconf
 .rodata.str1.1
                0x0020bce8        0xb contiki-cc2538dk.a(sicslowpan.o)
 .rodata.unc_ctxconf
                0x0020bcf3        0x4 contiki-cc2538dk.a(sicslowpan.o)
                0x0020bcf3                unc_ctxconf
 .rodata.str1.1
                0x0020bcf7        0xd contiki-cc2538dk.a(tcpip.o)
 .rodata.str1.1
                0x0020bd04       0x13 contiki-cc2538dk.a(udp-socket.o)
 .rodata.str1.1
                0x0020bd17       0x29 contiki-cc2538dk.a(uip-debug.o)
 .rodata.linkaddr_null
                0x0020bd40        0x8 contiki-cc2538dk.a(linkaddr.o)
                0x0020bd40                linkaddr_null
 .rodata.str1.1
                0x0020bd48        0xb contiki-cc2538dk.a(contikimac.o)
 .rodata.str1.1
                0x0020bd53        0x5 contiki-cc2538dk.a(csma.o)
 .rodata.str1.1
                0x0020bd58        0x8 contiki-cc2538dk.a(nullsec.o)
 .rodata        0x0020bd60      0x100 /home/user/CodeSourcery/Sourcery_G++_Lite/bin/../lib/gcc/arm-none-eabi/4.3.2/thumb2/libgcc.a(_clz.o)
                0x0020bd60                __clz_tab
                0x0020be60                _etext = .

.glue_7         0x0020be60        0x0
 .glue_7        0x0020be60        0x0 obj_cc2538dk/startup-gcc.o
 .glue_7        0x0020be60        0x0 dht11.co
 .glue_7        0x0020be60        0x0 contiki-cc2538dk.a(DHT11-arch.o)
 .glue_7        0x0020be60        0x0 contiki-cc2538dk.a(oled.o)
 .glue_7        0x0020be60        0x0 contiki-cc2538dk.a(leds.o)
 .glue_7        0x0020be60        0x0 contiki-cc2538dk.a(leds-arch.o)
 .glue_7        0x0020be60        0x0 contiki-cc2538dk.a(contiki-main.o)
 .glue_7        0x0020be60        0x0 contiki-cc2538dk.a(sensors.o)
 .glue_7        0x0020be60        0x0 contiki-cc2538dk.a(smartrf-sensors)
 .glue_7        0x0020be60        0x0 contiki-cc2538dk.a(button-sensor.o)
 .glue_7        0x0020be60        0x0 contiki-cc2538dk.a(als-sensor.o)
 .glue_7        0x0020be60        0x0 contiki-cc2538dk.a(clock.o)
 .glue_7        0x0020be60        0x0 contiki-cc2538dk.a(rtimer-arch.o)
 .glue_7        0x0020be60        0x0 contiki-cc2538dk.a(uart.o)
 .glue_7        0x0020be60        0x0 contiki-cc2538dk.a(watchdog.o)
 .glue_7        0x0020be60        0x0 contiki-cc2538dk.a(nvic.o)
 .glue_7        0x0020be60        0x0 contiki-cc2538dk.a(cpu.o)
 .glue_7        0x0020be60        0x0 contiki-cc2538dk.a(sys-ctrl.o)
 .glue_7        0x0020be60        0x0 contiki-cc2538dk.a(gpio.o)
 .glue_7        0x0020be60        0x0 contiki-cc2538dk.a(ioc.o)
 .glue_7        0x0020be60        0x0 contiki-cc2538dk.a(adc.o)
 .glue_7        0x0020be60        0x0 contiki-cc2538dk.a(crypto.o)
 .glue_7        0x0020be60        0x0 contiki-cc2538dk.a(cc2538-rf.o)
 .glue_7        0x0020be60        0x0 contiki-cc2538dk.a(udma.o)
 .glue_7        0x0020be60        0x0 contiki-cc2538dk.a(lpm.o)
 .glue_7        0x0020be60        0x0 contiki-cc2538dk.a(dbg.o)
 .glue_7        0x0020be60        0x0 contiki-cc2538dk.a(ieee-addr.o)
 .glue_7        0x0020be60        0x0 contiki-cc2538dk.a(cc2538-temp-sen)
 .glue_7        0x0020be60        0x0 contiki-cc2538dk.a(vdd3-sensor.o)
 .glue_7        0x0020be60        0x0 contiki-cc2538dk.a(dbg-printf.o)
 .glue_7        0x0020be60        0x0 contiki-cc2538dk.a(strformat.o)
 .glue_7        0x0020be60        0x0 contiki-cc2538dk.a(autostart.o)
 .glue_7        0x0020be60        0x0 contiki-cc2538dk.a(ctimer.o)
 .glue_7        0x0020be60        0x0 contiki-cc2538dk.a(energest.o)
 .glue_7        0x0020be60        0x0 contiki-cc2538dk.a(etimer.o)
 .glue_7        0x0020be60        0x0 contiki-cc2538dk.a(process.o)
 .glue_7        0x0020be60        0x0 contiki-cc2538dk.a(rtimer.o)
 .glue_7        0x0020be60        0x0 contiki-cc2538dk.a(timer.o)
 .glue_7        0x0020be60        0x0 contiki-cc2538dk.a(serial-line.o)
 .glue_7        0x0020be60        0x0 contiki-cc2538dk.a(list.o)
 .glue_7        0x0020be60        0x0 contiki-cc2538dk.a(random.o)
 .glue_7        0x0020be60        0x0 contiki-cc2538dk.a(ringbuf.o)
 .glue_7        0x0020be60        0x0 contiki-cc2538dk.a(sicslowpan.o)
 .glue_7        0x0020be60        0x0 contiki-cc2538dk.a(uip6.o)
 .glue_7        0x0020be60        0x0 contiki-cc2538dk.a(uip-ds6.o)
 .glue_7        0x0020be60        0x0 contiki-cc2538dk.a(uip-ds6-nbr.o)
 .glue_7        0x0020be60        0x0 contiki-cc2538dk.a(uip-ds6-route.o)
 .glue_7        0x0020be60        0x0 contiki-cc2538dk.a(uip-icmp6.o)
 .glue_7        0x0020be60        0x0 contiki-cc2538dk.a(uip-nd6.o)
 .glue_7        0x0020be60        0x0 contiki-cc2538dk.a(ip64-addr.o)
 .glue_7        0x0020be60        0x0 contiki-cc2538dk.a(tcpip.o)
 .glue_7        0x0020be60        0x0 contiki-cc2538dk.a(udp-socket.o)
 .glue_7        0x0020be60        0x0 contiki-cc2538dk.a(uip-debug.o)
 .glue_7        0x0020be60        0x0 contiki-cc2538dk.a(uip-udp-packet.)
 .glue_7        0x0020be60        0x0 contiki-cc2538dk.a(linkaddr.o)
 .glue_7        0x0020be60        0x0 contiki-cc2538dk.a(nbr-table.o)
 .glue_7        0x0020be60        0x0 contiki-cc2538dk.a(netstack.o)
 .glue_7        0x0020be60        0x0 contiki-cc2538dk.a(packetbuf.o)
 .glue_7        0x0020be60        0x0 contiki-cc2538dk.a(queuebuf.o)
 .glue_7        0x0020be60        0x0 contiki-cc2538dk.a(contikimac.o)
 .glue_7        0x0020be60        0x0 contiki-cc2538dk.a(csma.o)
 .glue_7        0x0020be60        0x0 contiki-cc2538dk.a(framer-802154.o)
 .glue_7        0x0020be60        0x0 contiki-cc2538dk.a(framer.o)
 .glue_7        0x0020be60        0x0 contiki-cc2538dk.a(mac.o)
 .glue_7        0x0020be60        0x0 contiki-cc2538dk.a(mac-sequence.o)
 .glue_7        0x0020be60        0x0 contiki-cc2538dk.a(nullsec.o)
 .glue_7        0x0020be60        0x0 contiki-cc2538dk.a(netstack-aes.o)
 .glue_7        0x0020be60        0x0 contiki-cc2538dk.a(rpl.o)
 .glue_7        0x0020be60        0x0 contiki-cc2538dk.a(rpl-dag.o)
 .glue_7        0x0020be60        0x0 contiki-cc2538dk.a(rpl-icmp6.o)
 .glue_7        0x0020be60        0x0 contiki-cc2538dk.a(rpl-timers.o)
 .glue_7        0x0020be60        0x0 contiki-cc2538dk.a(rpl-mrhof.o)
 .glue_7        0x0020be60        0x0 contiki-cc2538dk.a(rpl-ext-header.)
 .glue_7        0x0020be60        0x0 contiki-cc2538dk.a(oled-arch.o)
 .glue_7        0x0020be60        0x0 contiki-cc2538dk.a(stimer.o)
 .glue_7        0x0020be60        0x0 contiki-cc2538dk.a(memb.o)
 .glue_7        0x0020be60        0x0 contiki-cc2538dk.a(frame802154.o)
 .glue_7        0x0020be60        0x0 contiki-cc2538dk.a(aes-ccm.o)
 .glue_7        0x0020be60        0x0 /home/user/CodeSourcery/Sourcery_G++_Lite/bin/../lib/gcc/arm-none-eabi/4.3.2/thumb2/libgcc.a(_aeabi_uldivmod.o)
 .glue_7        0x0020be60        0x0 /home/user/CodeSourcery/Sourcery_G++_Lite/bin/../lib/gcc/arm-none-eabi/4.3.2/thumb2/libgcc.a(bpabi.o)
 .glue_7        0x0020be60        0x0 /home/user/CodeSourcery/Sourcery_G++_Lite/bin/../lib/gcc/arm-none-eabi/4.3.2/thumb2/libgcc.a(_dvmd_tls.o)
 .glue_7        0x0020be60        0x0 /home/user/CodeSourcery/Sourcery_G++_Lite/bin/../lib/gcc/arm-none-eabi/4.3.2/thumb2/libgcc.a(_divdi3.o)
 .glue_7        0x0020be60        0x0 /home/user/CodeSourcery/Sourcery_G++_Lite/bin/../lib/gcc/arm-none-eabi/4.3.2/thumb2/libgcc.a(_udivdi3.o)
 .glue_7        0x0020be60        0x0 /home/user/CodeSourcery/Sourcery_G++_Lite/bin/../lib/gcc/arm-none-eabi/4.3.2/thumb2/libgcc.a(_udivsi3.o)
 .glue_7        0x0020be60        0x0 /home/user/CodeSourcery/Sourcery_G++_Lite/bin/../lib/gcc/arm-none-eabi/4.3.2/thumb2/libgcc.a(_clz.o)
 .glue_7        0x0020be60        0x0 /home/user/CodeSourcery/Sourcery_G++_Lite/bin/../lib/gcc/arm-none-eabi/4.3.2/../../../../arm-none-eabi/lib/thumb2/libc.a(lib_a-memcmp.o)
 .glue_7        0x0020be60        0x0 /home/user/CodeSourcery/Sourcery_G++_Lite/bin/../lib/gcc/arm-none-eabi/4.3.2/../../../../arm-none-eabi/lib/thumb2/libc.a(lib_a-memcpy.o)
 .glue_7        0x0020be60        0x0 /home/user/CodeSourcery/Sourcery_G++_Lite/bin/../lib/gcc/arm-none-eabi/4.3.2/../../../../arm-none-eabi/lib/thumb2/libc.a(lib_a-memmove.o)
 .glue_7        0x0020be60        0x0 /home/user/CodeSourcery/Sourcery_G++_Lite/bin/../lib/gcc/arm-none-eabi/4.3.2/../../../../arm-none-eabi/lib/thumb2/libc.a(lib_a-memset.o)
 .glue_7        0x0020be60        0x0 /home/user/CodeSourcery/Sourcery_G++_Lite/bin/../lib/gcc/arm-none-eabi/4.3.2/../../../../arm-none-eabi/lib/thumb2/libc.a(lib_a-strlen.o)
 .glue_7        0x0020be60        0x0 /home/user/CodeSourcery/Sourcery_G++_Lite/bin/../lib/gcc/arm-none-eabi/4.3.2/../../../../arm-none-eabi/lib/thumb2/libc.a(lib_a-strncmp.o)

.glue_7t        0x0020be60        0x0
 .glue_7t       0x0020be60        0x0 obj_cc2538dk/startup-gcc.o
 .glue_7t       0x0020be60        0x0 dht11.co
 .glue_7t       0x0020be60        0x0 contiki-cc2538dk.a(DHT11-arch.o)
 .glue_7t       0x0020be60        0x0 contiki-cc2538dk.a(oled.o)
 .glue_7t       0x0020be60        0x0 contiki-cc2538dk.a(leds.o)
 .glue_7t       0x0020be60        0x0 contiki-cc2538dk.a(leds-arch.o)
 .glue_7t       0x0020be60        0x0 contiki-cc2538dk.a(contiki-main.o)
 .glue_7t       0x0020be60        0x0 contiki-cc2538dk.a(sensors.o)
 .glue_7t       0x0020be60        0x0 contiki-cc2538dk.a(smartrf-sensors)
 .glue_7t       0x0020be60        0x0 contiki-cc2538dk.a(button-sensor.o)
 .glue_7t       0x0020be60        0x0 contiki-cc2538dk.a(als-sensor.o)
 .glue_7t       0x0020be60        0x0 contiki-cc2538dk.a(clock.o)
 .glue_7t       0x0020be60        0x0 contiki-cc2538dk.a(rtimer-arch.o)
 .glue_7t       0x0020be60        0x0 contiki-cc2538dk.a(uart.o)
 .glue_7t       0x0020be60        0x0 contiki-cc2538dk.a(watchdog.o)
 .glue_7t       0x0020be60        0x0 contiki-cc2538dk.a(nvic.o)
 .glue_7t       0x0020be60        0x0 contiki-cc2538dk.a(cpu.o)
 .glue_7t       0x0020be60        0x0 contiki-cc2538dk.a(sys-ctrl.o)
 .glue_7t       0x0020be60        0x0 contiki-cc2538dk.a(gpio.o)
 .glue_7t       0x0020be60        0x0 contiki-cc2538dk.a(ioc.o)
 .glue_7t       0x0020be60        0x0 contiki-cc2538dk.a(adc.o)
 .glue_7t       0x0020be60        0x0 contiki-cc2538dk.a(crypto.o)
 .glue_7t       0x0020be60        0x0 contiki-cc2538dk.a(cc2538-rf.o)
 .glue_7t       0x0020be60        0x0 contiki-cc2538dk.a(udma.o)
 .glue_7t       0x0020be60        0x0 contiki-cc2538dk.a(lpm.o)
 .glue_7t       0x0020be60        0x0 contiki-cc2538dk.a(dbg.o)
 .glue_7t       0x0020be60        0x0 contiki-cc2538dk.a(ieee-addr.o)
 .glue_7t       0x0020be60        0x0 contiki-cc2538dk.a(cc2538-temp-sen)
 .glue_7t       0x0020be60        0x0 contiki-cc2538dk.a(vdd3-sensor.o)
 .glue_7t       0x0020be60        0x0 contiki-cc2538dk.a(dbg-printf.o)
 .glue_7t       0x0020be60        0x0 contiki-cc2538dk.a(strformat.o)
 .glue_7t       0x0020be60        0x0 contiki-cc2538dk.a(autostart.o)
 .glue_7t       0x0020be60        0x0 contiki-cc2538dk.a(ctimer.o)
 .glue_7t       0x0020be60        0x0 contiki-cc2538dk.a(energest.o)
 .glue_7t       0x0020be60        0x0 contiki-cc2538dk.a(etimer.o)
 .glue_7t       0x0020be60        0x0 contiki-cc2538dk.a(process.o)
 .glue_7t       0x0020be60        0x0 contiki-cc2538dk.a(rtimer.o)
 .glue_7t       0x0020be60        0x0 contiki-cc2538dk.a(timer.o)
 .glue_7t       0x0020be60        0x0 contiki-cc2538dk.a(serial-line.o)
 .glue_7t       0x0020be60        0x0 contiki-cc2538dk.a(list.o)
 .glue_7t       0x0020be60        0x0 contiki-cc2538dk.a(random.o)
 .glue_7t       0x0020be60        0x0 contiki-cc2538dk.a(ringbuf.o)
 .glue_7t       0x0020be60        0x0 contiki-cc2538dk.a(sicslowpan.o)
 .glue_7t       0x0020be60        0x0 contiki-cc2538dk.a(uip6.o)
 .glue_7t       0x0020be60        0x0 contiki-cc2538dk.a(uip-ds6.o)
 .glue_7t       0x0020be60        0x0 contiki-cc2538dk.a(uip-ds6-nbr.o)
 .glue_7t       0x0020be60        0x0 contiki-cc2538dk.a(uip-ds6-route.o)
 .glue_7t       0x0020be60        0x0 contiki-cc2538dk.a(uip-icmp6.o)
 .glue_7t       0x0020be60        0x0 contiki-cc2538dk.a(uip-nd6.o)
 .glue_7t       0x0020be60        0x0 contiki-cc2538dk.a(ip64-addr.o)
 .glue_7t       0x0020be60        0x0 contiki-cc2538dk.a(tcpip.o)
 .glue_7t       0x0020be60        0x0 contiki-cc2538dk.a(udp-socket.o)
 .glue_7t       0x0020be60        0x0 contiki-cc2538dk.a(uip-debug.o)
 .glue_7t       0x0020be60        0x0 contiki-cc2538dk.a(uip-udp-packet.)
 .glue_7t       0x0020be60        0x0 contiki-cc2538dk.a(linkaddr.o)
 .glue_7t       0x0020be60        0x0 contiki-cc2538dk.a(nbr-table.o)
 .glue_7t       0x0020be60        0x0 contiki-cc2538dk.a(netstack.o)
 .glue_7t       0x0020be60        0x0 contiki-cc2538dk.a(packetbuf.o)
 .glue_7t       0x0020be60        0x0 contiki-cc2538dk.a(queuebuf.o)
 .glue_7t       0x0020be60        0x0 contiki-cc2538dk.a(contikimac.o)
 .glue_7t       0x0020be60        0x0 contiki-cc2538dk.a(csma.o)
 .glue_7t       0x0020be60        0x0 contiki-cc2538dk.a(framer-802154.o)
 .glue_7t       0x0020be60        0x0 contiki-cc2538dk.a(framer.o)
 .glue_7t       0x0020be60        0x0 contiki-cc2538dk.a(mac.o)
 .glue_7t       0x0020be60        0x0 contiki-cc2538dk.a(mac-sequence.o)
 .glue_7t       0x0020be60        0x0 contiki-cc2538dk.a(nullsec.o)
 .glue_7t       0x0020be60        0x0 contiki-cc2538dk.a(netstack-aes.o)
 .glue_7t       0x0020be60        0x0 contiki-cc2538dk.a(rpl.o)
 .glue_7t       0x0020be60        0x0 contiki-cc2538dk.a(rpl-dag.o)
 .glue_7t       0x0020be60        0x0 contiki-cc2538dk.a(rpl-icmp6.o)
 .glue_7t       0x0020be60        0x0 contiki-cc2538dk.a(rpl-timers.o)
 .glue_7t       0x0020be60        0x0 contiki-cc2538dk.a(rpl-mrhof.o)
 .glue_7t       0x0020be60        0x0 contiki-cc2538dk.a(rpl-ext-header.)
 .glue_7t       0x0020be60        0x0 contiki-cc2538dk.a(oled-arch.o)
 .glue_7t       0x0020be60        0x0 contiki-cc2538dk.a(stimer.o)
 .glue_7t       0x0020be60        0x0 contiki-cc2538dk.a(memb.o)
 .glue_7t       0x0020be60        0x0 contiki-cc2538dk.a(frame802154.o)
 .glue_7t       0x0020be60        0x0 contiki-cc2538dk.a(aes-ccm.o)
 .glue_7t       0x0020be60        0x0 /home/user/CodeSourcery/Sourcery_G++_Lite/bin/../lib/gcc/arm-none-eabi/4.3.2/thumb2/libgcc.a(_aeabi_uldivmod.o)
 .glue_7t       0x0020be60        0x0 /home/user/CodeSourcery/Sourcery_G++_Lite/bin/../lib/gcc/arm-none-eabi/4.3.2/thumb2/libgcc.a(bpabi.o)
 .glue_7t       0x0020be60        0x0 /home/user/CodeSourcery/Sourcery_G++_Lite/bin/../lib/gcc/arm-none-eabi/4.3.2/thumb2/libgcc.a(_dvmd_tls.o)
 .glue_7t       0x0020be60        0x0 /home/user/CodeSourcery/Sourcery_G++_Lite/bin/../lib/gcc/arm-none-eabi/4.3.2/thumb2/libgcc.a(_divdi3.o)
 .glue_7t       0x0020be60        0x0 /home/user/CodeSourcery/Sourcery_G++_Lite/bin/../lib/gcc/arm-none-eabi/4.3.2/thumb2/libgcc.a(_udivdi3.o)
 .glue_7t       0x0020be60        0x0 /home/user/CodeSourcery/Sourcery_G++_Lite/bin/../lib/gcc/arm-none-eabi/4.3.2/thumb2/libgcc.a(_udivsi3.o)
 .glue_7t       0x0020be60        0x0 /home/user/CodeSourcery/Sourcery_G++_Lite/bin/../lib/gcc/arm-none-eabi/4.3.2/thumb2/libgcc.a(_clz.o)
 .glue_7t       0x0020be60        0x0 /home/user/CodeSourcery/Sourcery_G++_Lite/bin/../lib/gcc/arm-none-eabi/4.3.2/../../../../arm-none-eabi/lib/thumb2/libc.a(lib_a-memcmp.o)
 .glue_7t       0x0020be60        0x0 /home/user/CodeSourcery/Sourcery_G++_Lite/bin/../lib/gcc/arm-none-eabi/4.3.2/../../../../arm-none-eabi/lib/thumb2/libc.a(lib_a-memcpy.o)
 .glue_7t       0x0020be60        0x0 /home/user/CodeSourcery/Sourcery_G++_Lite/bin/../lib/gcc/arm-none-eabi/4.3.2/../../../../arm-none-eabi/lib/thumb2/libc.a(lib_a-memmove.o)
 .glue_7t       0x0020be60        0x0 /home/user/CodeSourcery/Sourcery_G++_Lite/bin/../lib/gcc/arm-none-eabi/4.3.2/../../../../arm-none-eabi/lib/thumb2/libc.a(lib_a-memset.o)
 .glue_7t       0x0020be60        0x0 /home/user/CodeSourcery/Sourcery_G++_Lite/bin/../lib/gcc/arm-none-eabi/4.3.2/../../../../arm-none-eabi/lib/thumb2/libc.a(lib_a-strlen.o)
 .glue_7t       0x0020be60        0x0 /home/user/CodeSourcery/Sourcery_G++_Lite/bin/../lib/gcc/arm-none-eabi/4.3.2/../../../../arm-none-eabi/lib/thumb2/libc.a(lib_a-strncmp.o)

.vfp11_veneer   0x0020be60        0x0
 .vfp11_veneer  0x0020be60        0x0 obj_cc2538dk/startup-gcc.o
 .vfp11_veneer  0x0020be60        0x0 dht11.co
 .vfp11_veneer  0x0020be60        0x0 contiki-cc2538dk.a(DHT11-arch.o)
 .vfp11_veneer  0x0020be60        0x0 contiki-cc2538dk.a(oled.o)
 .vfp11_veneer  0x0020be60        0x0 contiki-cc2538dk.a(leds.o)
 .vfp11_veneer  0x0020be60        0x0 contiki-cc2538dk.a(leds-arch.o)
 .vfp11_veneer  0x0020be60        0x0 contiki-cc2538dk.a(contiki-main.o)
 .vfp11_veneer  0x0020be60        0x0 contiki-cc2538dk.a(sensors.o)
 .vfp11_veneer  0x0020be60        0x0 contiki-cc2538dk.a(smartrf-sensors)
 .vfp11_veneer  0x0020be60        0x0 contiki-cc2538dk.a(button-sensor.o)
 .vfp11_veneer  0x0020be60        0x0 contiki-cc2538dk.a(als-sensor.o)
 .vfp11_veneer  0x0020be60        0x0 contiki-cc2538dk.a(clock.o)
 .vfp11_veneer  0x0020be60        0x0 contiki-cc2538dk.a(rtimer-arch.o)
 .vfp11_veneer  0x0020be60        0x0 contiki-cc2538dk.a(uart.o)
 .vfp11_veneer  0x0020be60        0x0 contiki-cc2538dk.a(watchdog.o)
 .vfp11_veneer  0x0020be60        0x0 contiki-cc2538dk.a(nvic.o)
 .vfp11_veneer  0x0020be60        0x0 contiki-cc2538dk.a(cpu.o)
 .vfp11_veneer  0x0020be60        0x0 contiki-cc2538dk.a(sys-ctrl.o)
 .vfp11_veneer  0x0020be60        0x0 contiki-cc2538dk.a(gpio.o)
 .vfp11_veneer  0x0020be60        0x0 contiki-cc2538dk.a(ioc.o)
 .vfp11_veneer  0x0020be60        0x0 contiki-cc2538dk.a(adc.o)
 .vfp11_veneer  0x0020be60        0x0 contiki-cc2538dk.a(crypto.o)
 .vfp11_veneer  0x0020be60        0x0 contiki-cc2538dk.a(cc2538-rf.o)
 .vfp11_veneer  0x0020be60        0x0 contiki-cc2538dk.a(udma.o)
 .vfp11_veneer  0x0020be60        0x0 contiki-cc2538dk.a(lpm.o)
 .vfp11_veneer  0x0020be60        0x0 contiki-cc2538dk.a(dbg.o)
 .vfp11_veneer  0x0020be60        0x0 contiki-cc2538dk.a(ieee-addr.o)
 .vfp11_veneer  0x0020be60        0x0 contiki-cc2538dk.a(cc2538-temp-sen)
 .vfp11_veneer  0x0020be60        0x0 contiki-cc2538dk.a(vdd3-sensor.o)
 .vfp11_veneer  0x0020be60        0x0 contiki-cc2538dk.a(dbg-printf.o)
 .vfp11_veneer  0x0020be60        0x0 contiki-cc2538dk.a(strformat.o)
 .vfp11_veneer  0x0020be60        0x0 contiki-cc2538dk.a(autostart.o)
 .vfp11_veneer  0x0020be60        0x0 contiki-cc2538dk.a(ctimer.o)
 .vfp11_veneer  0x0020be60        0x0 contiki-cc2538dk.a(energest.o)
 .vfp11_veneer  0x0020be60        0x0 contiki-cc2538dk.a(etimer.o)
 .vfp11_veneer  0x0020be60        0x0 contiki-cc2538dk.a(process.o)
 .vfp11_veneer  0x0020be60        0x0 contiki-cc2538dk.a(rtimer.o)
 .vfp11_veneer  0x0020be60        0x0 contiki-cc2538dk.a(timer.o)
 .vfp11_veneer  0x0020be60        0x0 contiki-cc2538dk.a(serial-line.o)
 .vfp11_veneer  0x0020be60        0x0 contiki-cc2538dk.a(list.o)
 .vfp11_veneer  0x0020be60        0x0 contiki-cc2538dk.a(random.o)
 .vfp11_veneer  0x0020be60        0x0 contiki-cc2538dk.a(ringbuf.o)
 .vfp11_veneer  0x0020be60        0x0 contiki-cc2538dk.a(sicslowpan.o)
 .vfp11_veneer  0x0020be60        0x0 contiki-cc2538dk.a(uip6.o)
 .vfp11_veneer  0x0020be60        0x0 contiki-cc2538dk.a(uip-ds6.o)
 .vfp11_veneer  0x0020be60        0x0 contiki-cc2538dk.a(uip-ds6-nbr.o)
 .vfp11_veneer  0x0020be60        0x0 contiki-cc2538dk.a(uip-ds6-route.o)
 .vfp11_veneer  0x0020be60        0x0 contiki-cc2538dk.a(uip-icmp6.o)
 .vfp11_veneer  0x0020be60        0x0 contiki-cc2538dk.a(uip-nd6.o)
 .vfp11_veneer  0x0020be60        0x0 contiki-cc2538dk.a(ip64-addr.o)
 .vfp11_veneer  0x0020be60        0x0 contiki-cc2538dk.a(tcpip.o)
 .vfp11_veneer  0x0020be60        0x0 contiki-cc2538dk.a(udp-socket.o)
 .vfp11_veneer  0x0020be60        0x0 contiki-cc2538dk.a(uip-debug.o)
 .vfp11_veneer  0x0020be60        0x0 contiki-cc2538dk.a(uip-udp-packet.)
 .vfp11_veneer  0x0020be60        0x0 contiki-cc2538dk.a(linkaddr.o)
 .vfp11_veneer  0x0020be60        0x0 contiki-cc2538dk.a(nbr-table.o)
 .vfp11_veneer  0x0020be60        0x0 contiki-cc2538dk.a(netstack.o)
 .vfp11_veneer  0x0020be60        0x0 contiki-cc2538dk.a(packetbuf.o)
 .vfp11_veneer  0x0020be60        0x0 contiki-cc2538dk.a(queuebuf.o)
 .vfp11_veneer  0x0020be60        0x0 contiki-cc2538dk.a(contikimac.o)
 .vfp11_veneer  0x0020be60        0x0 contiki-cc2538dk.a(csma.o)
 .vfp11_veneer  0x0020be60        0x0 contiki-cc2538dk.a(framer-802154.o)
 .vfp11_veneer  0x0020be60        0x0 contiki-cc2538dk.a(framer.o)
 .vfp11_veneer  0x0020be60        0x0 contiki-cc2538dk.a(mac.o)
 .vfp11_veneer  0x0020be60        0x0 contiki-cc2538dk.a(mac-sequence.o)
 .vfp11_veneer  0x0020be60        0x0 contiki-cc2538dk.a(nullsec.o)
 .vfp11_veneer  0x0020be60        0x0 contiki-cc2538dk.a(netstack-aes.o)
 .vfp11_veneer  0x0020be60        0x0 contiki-cc2538dk.a(rpl.o)
 .vfp11_veneer  0x0020be60        0x0 contiki-cc2538dk.a(rpl-dag.o)
 .vfp11_veneer  0x0020be60        0x0 contiki-cc2538dk.a(rpl-icmp6.o)
 .vfp11_veneer  0x0020be60        0x0 contiki-cc2538dk.a(rpl-timers.o)
 .vfp11_veneer  0x0020be60        0x0 contiki-cc2538dk.a(rpl-mrhof.o)
 .vfp11_veneer  0x0020be60        0x0 contiki-cc2538dk.a(rpl-ext-header.)
 .vfp11_veneer  0x0020be60        0x0 contiki-cc2538dk.a(oled-arch.o)
 .vfp11_veneer  0x0020be60        0x0 contiki-cc2538dk.a(stimer.o)
 .vfp11_veneer  0x0020be60        0x0 contiki-cc2538dk.a(memb.o)
 .vfp11_veneer  0x0020be60        0x0 contiki-cc2538dk.a(frame802154.o)
 .vfp11_veneer  0x0020be60        0x0 contiki-cc2538dk.a(aes-ccm.o)
 .vfp11_veneer  0x0020be60        0x0 /home/user/CodeSourcery/Sourcery_G++_Lite/bin/../lib/gcc/arm-none-eabi/4.3.2/thumb2/libgcc.a(_aeabi_uldivmod.o)
 .vfp11_veneer  0x0020be60        0x0 /home/user/CodeSourcery/Sourcery_G++_Lite/bin/../lib/gcc/arm-none-eabi/4.3.2/thumb2/libgcc.a(bpabi.o)
 .vfp11_veneer  0x0020be60        0x0 /home/user/CodeSourcery/Sourcery_G++_Lite/bin/../lib/gcc/arm-none-eabi/4.3.2/thumb2/libgcc.a(_dvmd_tls.o)
 .vfp11_veneer  0x0020be60        0x0 /home/user/CodeSourcery/Sourcery_G++_Lite/bin/../lib/gcc/arm-none-eabi/4.3.2/thumb2/libgcc.a(_divdi3.o)
 .vfp11_veneer  0x0020be60        0x0 /home/user/CodeSourcery/Sourcery_G++_Lite/bin/../lib/gcc/arm-none-eabi/4.3.2/thumb2/libgcc.a(_udivdi3.o)
 .vfp11_veneer  0x0020be60        0x0 /home/user/CodeSourcery/Sourcery_G++_Lite/bin/../lib/gcc/arm-none-eabi/4.3.2/thumb2/libgcc.a(_udivsi3.o)
 .vfp11_veneer  0x0020be60        0x0 /home/user/CodeSourcery/Sourcery_G++_Lite/bin/../lib/gcc/arm-none-eabi/4.3.2/thumb2/libgcc.a(_clz.o)
 .vfp11_veneer  0x0020be60        0x0 /home/user/CodeSourcery/Sourcery_G++_Lite/bin/../lib/gcc/arm-none-eabi/4.3.2/../../../../arm-none-eabi/lib/thumb2/libc.a(lib_a-memcmp.o)
 .vfp11_veneer  0x0020be60        0x0 /home/user/CodeSourcery/Sourcery_G++_Lite/bin/../lib/gcc/arm-none-eabi/4.3.2/../../../../arm-none-eabi/lib/thumb2/libc.a(lib_a-memcpy.o)
 .vfp11_veneer  0x0020be60        0x0 /home/user/CodeSourcery/Sourcery_G++_Lite/bin/../lib/gcc/arm-none-eabi/4.3.2/../../../../arm-none-eabi/lib/thumb2/libc.a(lib_a-memmove.o)
 .vfp11_veneer  0x0020be60        0x0 /home/user/CodeSourcery/Sourcery_G++_Lite/bin/../lib/gcc/arm-none-eabi/4.3.2/../../../../arm-none-eabi/lib/thumb2/libc.a(lib_a-memset.o)
 .vfp11_veneer  0x0020be60        0x0 /home/user/CodeSourcery/Sourcery_G++_Lite/bin/../lib/gcc/arm-none-eabi/4.3.2/../../../../arm-none-eabi/lib/thumb2/libc.a(lib_a-strlen.o)
 .vfp11_veneer  0x0020be60        0x0 /home/user/CodeSourcery/Sourcery_G++_Lite/bin/../lib/gcc/arm-none-eabi/4.3.2/../../../../arm-none-eabi/lib/thumb2/libc.a(lib_a-strncmp.o)

.janus_2cc_veneer
                0x0020be60        0x0
 .janus_2cc_veneer
                0x0020be60        0x0 obj_cc2538dk/startup-gcc.o
 .janus_2cc_veneer
                0x0020be60        0x0 dht11.co
 .janus_2cc_veneer
                0x0020be60        0x0 contiki-cc2538dk.a(DHT11-arch.o)
 .janus_2cc_veneer
                0x0020be60        0x0 contiki-cc2538dk.a(oled.o)
 .janus_2cc_veneer
                0x0020be60        0x0 contiki-cc2538dk.a(leds.o)
 .janus_2cc_veneer
                0x0020be60        0x0 contiki-cc2538dk.a(leds-arch.o)
 .janus_2cc_veneer
                0x0020be60        0x0 contiki-cc2538dk.a(contiki-main.o)
 .janus_2cc_veneer
                0x0020be60        0x0 contiki-cc2538dk.a(sensors.o)
 .janus_2cc_veneer
                0x0020be60        0x0 contiki-cc2538dk.a(smartrf-sensors)
 .janus_2cc_veneer
                0x0020be60        0x0 contiki-cc2538dk.a(button-sensor.o)
 .janus_2cc_veneer
                0x0020be60        0x0 contiki-cc2538dk.a(als-sensor.o)
 .janus_2cc_veneer
                0x0020be60        0x0 contiki-cc2538dk.a(clock.o)
 .janus_2cc_veneer
                0x0020be60        0x0 contiki-cc2538dk.a(rtimer-arch.o)
 .janus_2cc_veneer
                0x0020be60        0x0 contiki-cc2538dk.a(uart.o)
 .janus_2cc_veneer
                0x0020be60        0x0 contiki-cc2538dk.a(watchdog.o)
 .janus_2cc_veneer
                0x0020be60        0x0 contiki-cc2538dk.a(nvic.o)
 .janus_2cc_veneer
                0x0020be60        0x0 contiki-cc2538dk.a(cpu.o)
 .janus_2cc_veneer
                0x0020be60        0x0 contiki-cc2538dk.a(sys-ctrl.o)
 .janus_2cc_veneer
                0x0020be60        0x0 contiki-cc2538dk.a(gpio.o)
 .janus_2cc_veneer
                0x0020be60        0x0 contiki-cc2538dk.a(ioc.o)
 .janus_2cc_veneer
                0x0020be60        0x0 contiki-cc2538dk.a(adc.o)
 .janus_2cc_veneer
                0x0020be60        0x0 contiki-cc2538dk.a(crypto.o)
 .janus_2cc_veneer
                0x0020be60        0x0 contiki-cc2538dk.a(cc2538-rf.o)
 .janus_2cc_veneer
                0x0020be60        0x0 contiki-cc2538dk.a(udma.o)
 .janus_2cc_veneer
                0x0020be60        0x0 contiki-cc2538dk.a(lpm.o)
 .janus_2cc_veneer
                0x0020be60        0x0 contiki-cc2538dk.a(dbg.o)
 .janus_2cc_veneer
                0x0020be60        0x0 contiki-cc2538dk.a(ieee-addr.o)
 .janus_2cc_veneer
                0x0020be60        0x0 contiki-cc2538dk.a(cc2538-temp-sen)
 .janus_2cc_veneer
                0x0020be60        0x0 contiki-cc2538dk.a(vdd3-sensor.o)
 .janus_2cc_veneer
                0x0020be60        0x0 contiki-cc2538dk.a(dbg-printf.o)
 .janus_2cc_veneer
                0x0020be60        0x0 contiki-cc2538dk.a(strformat.o)
 .janus_2cc_veneer
                0x0020be60        0x0 contiki-cc2538dk.a(autostart.o)
 .janus_2cc_veneer
                0x0020be60        0x0 contiki-cc2538dk.a(ctimer.o)
 .janus_2cc_veneer
                0x0020be60        0x0 contiki-cc2538dk.a(energest.o)
 .janus_2cc_veneer
                0x0020be60        0x0 contiki-cc2538dk.a(etimer.o)
 .janus_2cc_veneer
                0x0020be60        0x0 contiki-cc2538dk.a(process.o)